Archive member included to satisfy reference by file (symbol)

./mbed/TARGET_NUCLEO_L152RE/TOOLCHAIN_GCC_ARM/libmbed.a(serial_api.o)
                              mbed/TARGET_NUCLEO_L152RE/TOOLCHAIN_GCC_ARM/retarget.o (serial_init)
./mbed/TARGET_NUCLEO_L152RE/TOOLCHAIN_GCC_ARM/libmbed.a(FileSystemLike.o)
                              mbed/TARGET_NUCLEO_L152RE/TOOLCHAIN_GCC_ARM/retarget.o (mbed::FileSystemLike::opendir())
./mbed/TARGET_NUCLEO_L152RE/TOOLCHAIN_GCC_ARM/libmbed.a(FilePath.o)
                              mbed/TARGET_NUCLEO_L152RE/TOOLCHAIN_GCC_ARM/retarget.o (mbed::FilePath::FilePath(char const*))
./mbed/TARGET_NUCLEO_L152RE/TOOLCHAIN_GCC_ARM/libmbed.a(Serial.o)
                              main.o (mbed::Serial::Serial(PinName, PinName, char const*))
./mbed/TARGET_NUCLEO_L152RE/TOOLCHAIN_GCC_ARM/libmbed.a(SerialBase.o)
                              ./mbed/TARGET_NUCLEO_L152RE/TOOLCHAIN_GCC_ARM/libmbed.a(Serial.o) (mbed::SerialBase::SerialBase(PinName, PinName))
./mbed/TARGET_NUCLEO_L152RE/TOOLCHAIN_GCC_ARM/libmbed.a(Stream.o)
                              ./mbed/TARGET_NUCLEO_L152RE/TOOLCHAIN_GCC_ARM/libmbed.a(Serial.o) (mbed::Stream::close())
./mbed/TARGET_NUCLEO_L152RE/TOOLCHAIN_GCC_ARM/libmbed.a(assert.o)
                              ./mbed/TARGET_NUCLEO_L152RE/TOOLCHAIN_GCC_ARM/libmbed.a(serial_api.o) (mbed_assert_internal)
./mbed/TARGET_NUCLEO_L152RE/TOOLCHAIN_GCC_ARM/libmbed.a(gpio.o)
                              main.o (gpio_init_out)
./mbed/TARGET_NUCLEO_L152RE/TOOLCHAIN_GCC_ARM/libmbed.a(error.o)
                              mbed/TARGET_NUCLEO_L152RE/TOOLCHAIN_GCC_ARM/retarget.o (error)
./mbed/TARGET_NUCLEO_L152RE/TOOLCHAIN_GCC_ARM/libmbed.a(pinmap_common.o)
                              ./mbed/TARGET_NUCLEO_L152RE/TOOLCHAIN_GCC_ARM/libmbed.a(serial_api.o) (pinmap_pinout)
./mbed/TARGET_NUCLEO_L152RE/TOOLCHAIN_GCC_ARM/libmbed.a(rtc_time.o)
                              expatlib/xmlparse.o (time)
./mbed/TARGET_NUCLEO_L152RE/TOOLCHAIN_GCC_ARM/libmbed.a(us_ticker_api.o)
                              mbed/TARGET_NUCLEO_L152RE/TOOLCHAIN_GCC_ARM/hal_tick.o (us_ticker_irq_handler)
./mbed/TARGET_NUCLEO_L152RE/TOOLCHAIN_GCC_ARM/libmbed.a(ticker_api.o)
                              ./mbed/TARGET_NUCLEO_L152RE/TOOLCHAIN_GCC_ARM/libmbed.a(us_ticker_api.o) (ticker_irq_handler)
./mbed/TARGET_NUCLEO_L152RE/TOOLCHAIN_GCC_ARM/libmbed.a(wait_api.o)
                              ./mbed/TARGET_NUCLEO_L152RE/TOOLCHAIN_GCC_ARM/libmbed.a(SerialBase.o) (wait_us)
./mbed/TARGET_NUCLEO_L152RE/TOOLCHAIN_GCC_ARM/libmbed.a(PeripheralPins.o)
                              ./mbed/TARGET_NUCLEO_L152RE/TOOLCHAIN_GCC_ARM/libmbed.a(serial_api.o) (PinMap_UART_RX)
./mbed/TARGET_NUCLEO_L152RE/TOOLCHAIN_GCC_ARM/libmbed.a(gpio_api.o)
                              ./mbed/TARGET_NUCLEO_L152RE/TOOLCHAIN_GCC_ARM/libmbed.a(gpio.o) (gpio_init)
./mbed/TARGET_NUCLEO_L152RE/TOOLCHAIN_GCC_ARM/libmbed.a(pinmap.o)
                              ./mbed/TARGET_NUCLEO_L152RE/TOOLCHAIN_GCC_ARM/libmbed.a(gpio_api.o) (Set_GPIO_Clock)
./mbed/TARGET_NUCLEO_L152RE/TOOLCHAIN_GCC_ARM/libmbed.a(rtc_api.o)
                              ./mbed/TARGET_NUCLEO_L152RE/TOOLCHAIN_GCC_ARM/libmbed.a(rtc_time.o) (rtc_init)
./mbed/TARGET_NUCLEO_L152RE/TOOLCHAIN_GCC_ARM/libmbed.a(us_ticker.o)
                              ./mbed/TARGET_NUCLEO_L152RE/TOOLCHAIN_GCC_ARM/libmbed.a(us_ticker_api.o) (us_ticker_init)
./mbed/TARGET_NUCLEO_L152RE/TOOLCHAIN_GCC_ARM/libmbed.a(FileLike.o)
                              ./mbed/TARGET_NUCLEO_L152RE/TOOLCHAIN_GCC_ARM/libmbed.a(Stream.o) (mbed::FileLike::FileLike(char const*))
./mbed/TARGET_NUCLEO_L152RE/TOOLCHAIN_GCC_ARM/libmbed.a(FileBase.o)
                              ./mbed/TARGET_NUCLEO_L152RE/TOOLCHAIN_GCC_ARM/libmbed.a(FileSystemLike.o) (mbed::FileBase::~FileBase())
/usr/lib/gcc/arm-none-eabi/4.9.3/../../../arm-none-eabi/lib/armv7-m/libstdc++_nano.a(del_op.o)
                              main.o (operator delete(void*))
/usr/lib/gcc/arm-none-eabi/4.9.3/../../../arm-none-eabi/lib/armv7-m/libstdc++_nano.a(new_op.o)
                              ./mbed/TARGET_NUCLEO_L152RE/TOOLCHAIN_GCC_ARM/libmbed.a(FileSystemLike.o) (operator new(unsigned int))
/usr/lib/gcc/arm-none-eabi/4.9.3/../../../arm-none-eabi/lib/armv7-m/libstdc++_nano.a(atexit_arm.o)
                              main.o (__aeabi_atexit)
/usr/lib/gcc/arm-none-eabi/4.9.3/../../../arm-none-eabi/lib/armv7-m/libstdc++_nano.a(new_handler.o)
                              /usr/lib/gcc/arm-none-eabi/4.9.3/../../../arm-none-eabi/lib/armv7-m/libstdc++_nano.a(new_op.o) (std::get_new_handler())
/usr/lib/gcc/arm-none-eabi/4.9.3/../../../arm-none-eabi/lib/armv7-m/libc_nano.a(lib_a-abort.o)
                              /usr/lib/gcc/arm-none-eabi/4.9.3/../../../arm-none-eabi/lib/armv7-m/libstdc++_nano.a(new_op.o) (abort)
/usr/lib/gcc/arm-none-eabi/4.9.3/../../../arm-none-eabi/lib/armv7-m/libc_nano.a(lib_a-atexit.o)
[...]
Memory Configuration

Name             Origin             Length             Attributes
FLASH            0x0000000008000000 0x0000000000080000 xr
RAM              0x000000002000013c 0x0000000000013ec4 xrw
*default*        0x0000000000000000 0xffffffffffffffff

Linker script and memory map

LOAD /usr/lib/gcc/arm-none-eabi/4.9.3/armv7-m/crti.o
LOAD /usr/lib/gcc/arm-none-eabi/4.9.3/armv7-m/crtbegin.o
LOAD /usr/lib/gcc/arm-none-eabi/4.9.3/../../../arm-none-eabi/lib/armv7-m/crt0.o
LOAD expatlib/xmltok.o
LOAD expatlib/xmltok_ns.o
LOAD expatlib/xmlrole.o
LOAD expatlib/xmltok_impl.o
LOAD expatlib/xmlparse.o
LOAD main.o
LOAD mbed/TARGET_NUCLEO_L152RE/TOOLCHAIN_GCC_ARM/stm32l1xx_hal_flash_ramfunc.o
LOAD mbed/TARGET_NUCLEO_L152RE/TOOLCHAIN_GCC_ARM/board.o
LOAD mbed/TARGET_NUCLEO_L152RE/TOOLCHAIN_GCC_ARM/cmsis_nvic.o
LOAD mbed/TARGET_NUCLEO_L152RE/TOOLCHAIN_GCC_ARM/hal_tick.o
LOAD mbed/TARGET_NUCLEO_L152RE/TOOLCHAIN_GCC_ARM/mbed_overrides.o
LOAD mbed/TARGET_NUCLEO_L152RE/TOOLCHAIN_GCC_ARM/retarget.o
LOAD mbed/TARGET_NUCLEO_L152RE/TOOLCHAIN_GCC_ARM/startup_stm32l152xe.o
LOAD mbed/TARGET_NUCLEO_L152RE/TOOLCHAIN_GCC_ARM/stm32l1xx_hal.o
LOAD mbed/TARGET_NUCLEO_L152RE/TOOLCHAIN_GCC_ARM/stm32l1xx_hal_adc.o
LOAD mbed/TARGET_NUCLEO_L152RE/TOOLCHAIN_GCC_ARM/stm32l1xx_hal_adc_ex.o
LOAD mbed/TARGET_NUCLEO_L152RE/TOOLCHAIN_GCC_ARM/stm32l1xx_hal_comp.o
LOAD mbed/TARGET_NUCLEO_L152RE/TOOLCHAIN_GCC_ARM/stm32l1xx_hal_cortex.o
LOAD mbed/TARGET_NUCLEO_L152RE/TOOLCHAIN_GCC_ARM/stm32l1xx_hal_crc.o
LOAD mbed/TARGET_NUCLEO_L152RE/TOOLCHAIN_GCC_ARM/stm32l1xx_hal_cryp.o
LOAD mbed/TARGET_NUCLEO_L152RE/TOOLCHAIN_GCC_ARM/stm32l1xx_hal_cryp_ex.o
LOAD mbed/TARGET_NUCLEO_L152RE/TOOLCHAIN_GCC_ARM/stm32l1xx_hal_dac.o
LOAD mbed/TARGET_NUCLEO_L152RE/TOOLCHAIN_GCC_ARM/stm32l1xx_hal_dac_ex.o
LOAD mbed/TARGET_NUCLEO_L152RE/TOOLCHAIN_GCC_ARM/stm32l1xx_hal_dma.o
LOAD mbed/TARGET_NUCLEO_L152RE/TOOLCHAIN_GCC_ARM/stm32l1xx_hal_flash.o
LOAD mbed/TARGET_NUCLEO_L152RE/TOOLCHAIN_GCC_ARM/stm32l1xx_hal_flash_ex.o
LOAD mbed/TARGET_NUCLEO_L152RE/TOOLCHAIN_GCC_ARM/stm32l1xx_hal_smartcard.o
LOAD mbed/TARGET_NUCLEO_L152RE/TOOLCHAIN_GCC_ARM/stm32l1xx_hal_gpio.o
LOAD mbed/TARGET_NUCLEO_L152RE/TOOLCHAIN_GCC_ARM/stm32l1xx_hal_i2c.o
LOAD mbed/TARGET_NUCLEO_L152RE/TOOLCHAIN_GCC_ARM/stm32l1xx_hal_i2s.o
LOAD mbed/TARGET_NUCLEO_L152RE/TOOLCHAIN_GCC_ARM/stm32l1xx_hal_irda.o
LOAD mbed/TARGET_NUCLEO_L152RE/TOOLCHAIN_GCC_ARM/stm32l1xx_hal_iwdg.o
LOAD mbed/TARGET_NUCLEO_L152RE/TOOLCHAIN_GCC_ARM/stm32l1xx_hal_lcd.o
LOAD mbed/TARGET_NUCLEO_L152RE/TOOLCHAIN_GCC_ARM/stm32l1xx_hal_nor.o
LOAD mbed/TARGET_NUCLEO_L152RE/TOOLCHAIN_GCC_ARM/stm32l1xx_hal_opamp.o
LOAD mbed/TARGET_NUCLEO_L152RE/TOOLCHAIN_GCC_ARM/stm32l1xx_hal_opamp_ex.o
LOAD mbed/TARGET_NUCLEO_L152RE/TOOLCHAIN_GCC_ARM/stm32l1xx_hal_pcd.o
LOAD mbed/TARGET_NUCLEO_L152RE/TOOLCHAIN_GCC_ARM/stm32l1xx_hal_pcd_ex.o
LOAD mbed/TARGET_NUCLEO_L152RE/TOOLCHAIN_GCC_ARM/stm32l1xx_hal_pwr.o
LOAD mbed/TARGET_NUCLEO_L152RE/TOOLCHAIN_GCC_ARM/stm32l1xx_hal_pwr_ex.o
LOAD mbed/TARGET_NUCLEO_L152RE/TOOLCHAIN_GCC_ARM/stm32l1xx_hal_rcc.o
LOAD mbed/TARGET_NUCLEO_L152RE/TOOLCHAIN_GCC_ARM/stm32l1xx_hal_rcc_ex.o
LOAD mbed/TARGET_NUCLEO_L152RE/TOOLCHAIN_GCC_ARM/stm32l1xx_hal_rtc.o
LOAD mbed/TARGET_NUCLEO_L152RE/TOOLCHAIN_GCC_ARM/stm32l1xx_hal_rtc_ex.o
LOAD mbed/TARGET_NUCLEO_L152RE/TOOLCHAIN_GCC_ARM/stm32l1xx_hal_sd.o
LOAD mbed/TARGET_NUCLEO_L152RE/TOOLCHAIN_GCC_ARM/stm32l1xx_hal_spi.o
LOAD mbed/TARGET_NUCLEO_L152RE/TOOLCHAIN_GCC_ARM/stm32l1xx_hal_spi_ex.o
LOAD mbed/TARGET_NUCLEO_L152RE/TOOLCHAIN_GCC_ARM/stm32l1xx_hal_sram.o
LOAD mbed/TARGET_NUCLEO_L152RE/TOOLCHAIN_GCC_ARM/stm32l1xx_hal_tim.o
LOAD mbed/TARGET_NUCLEO_L152RE/TOOLCHAIN_GCC_ARM/stm32l1xx_hal_tim_ex.o
LOAD mbed/TARGET_NUCLEO_L152RE/TOOLCHAIN_GCC_ARM/stm32l1xx_hal_uart.o
LOAD mbed/TARGET_NUCLEO_L152RE/TOOLCHAIN_GCC_ARM/stm32l1xx_hal_usart.o
LOAD mbed/TARGET_NUCLEO_L152RE/TOOLCHAIN_GCC_ARM/stm32l1xx_hal_wwdg.o
LOAD mbed/TARGET_NUCLEO_L152RE/TOOLCHAIN_GCC_ARM/stm32l1xx_ll_fsmc.o
LOAD mbed/TARGET_NUCLEO_L152RE/TOOLCHAIN_GCC_ARM/stm32l1xx_ll_sdmmc.o
LOAD mbed/TARGET_NUCLEO_L152RE/TOOLCHAIN_GCC_ARM/system_stm32l1xx.o
LOAD ./mbed/TARGET_NUCLEO_L152RE/TOOLCHAIN_GCC_ARM/libmbed.a
LOAD /usr/lib/gcc/arm-none-eabi/4.9.3/../../../arm-none-eabi/lib/armv7-m/libstdc++_nano.a
LOAD /usr/lib/gcc/arm-none-eabi/4.9.3/../../../arm-none-eabi/lib/armv7-m/libsupc++_nano.a
LOAD /usr/lib/gcc/arm-none-eabi/4.9.3/../../../arm-none-eabi/lib/armv7-m/libm.a
LOAD /usr/lib/gcc/arm-none-eabi/4.9.3/../../../arm-none-eabi/lib/armv7-m/libc_nano.a
LOAD /usr/lib/gcc/arm-none-eabi/4.9.3/armv7-m/libgcc.a
LOAD /usr/lib/gcc/arm-none-eabi/4.9.3/../../../arm-none-eabi/lib/armv7-m/libnosys.a
LOAD ./mbed/TARGET_NUCLEO_L152RE/TOOLCHAIN_GCC_ARM/libmbed.a
LOAD /usr/lib/gcc/arm-none-eabi/4.9.3/../../../arm-none-eabi/lib/armv7-m/libstdc++_nano.a
LOAD /usr/lib/gcc/arm-none-eabi/4.9.3/../../../arm-none-eabi/lib/armv7-m/libsupc++_nano.a
LOAD /usr/lib/gcc/arm-none-eabi/4.9.3/../../../arm-none-eabi/lib/armv7-m/libm.a
LOAD /usr/lib/gcc/arm-none-eabi/4.9.3/../../../arm-none-eabi/lib/armv7-m/libc_nano.a
LOAD /usr/lib/gcc/arm-none-eabi/4.9.3/armv7-m/libgcc.a
LOAD /usr/lib/gcc/arm-none-eabi/4.9.3/../../../arm-none-eabi/lib/armv7-m/libnosys.a
START GROUP
LOAD /usr/lib/gcc/arm-none-eabi/4.9.3/armv7-m/libgcc.a
LOAD /usr/lib/gcc/arm-none-eabi/4.9.3/../../../arm-none-eabi/lib/armv7-m/libc_nano.a
END GROUP
START GROUP
LOAD /usr/lib/gcc/arm-none-eabi/4.9.3/armv7-m/libgcc.a
LOAD /usr/lib/gcc/arm-none-eabi/4.9.3/../../../arm-none-eabi/lib/armv7-m/libc_nano.a
END GROUP
LOAD /usr/lib/gcc/arm-none-eabi/4.9.3/armv7-m/crtend.o
LOAD /usr/lib/gcc/arm-none-eabi/4.9.3/armv7-m/crtn.o

.text           0x0000000008000000    0x16f68
 *(.isr_vector)
 .isr_vector    0x0000000008000000      0x13c mbed/TARGET_NUCLEO_L152RE/TOOLCHAIN_GCC_ARM/startup_stm32l152xe.o
                0x0000000008000000                g_pfnVectors
 *(.text*)
 .text          0x000000000800013c       0xa4 /usr/lib/gcc/arm-none-eabi/4.9.3/armv7-m/crtbegin.o
 .text          0x00000000080001e0       0x68 /usr/lib/gcc/arm-none-eabi/4.9.3/../../../arm-none-eabi/lib/armv7-m/crt0.o
                0x00000000080001e0                _mainCRTStartup
                0x00000000080001e0                _start
 .text.isNever  0x0000000008000248        0x4 expatlib/xmltok.o
 .text.utf8_isName2
                0x000000000800024c       0x38 expatlib/xmltok.o
 .text.utf8_isName3
                0x0000000008000284       0x40 expatlib/xmltok.o
 .text.utf8_isNmstrt2
                0x00000000080002c4       0x38 expatlib/xmltok.o
 .text.utf8_isNmstrt3
                0x00000000080002fc       0x40 expatlib/xmltok.o
 .text.utf8_isInvalid3
                0x000000000800033c       0x52 expatlib/xmltok.o
 *fill*         0x000000000800038e        0x2 
 .text.normal_cdataSectionTok
                0x0000000008000390      0x16c expatlib/xmltok.o
 .text.normal_scanRef
                0x00000000080004fc      0x1d0 expatlib/xmltok.o
 .text.normal_scanPercent
                0x00000000080006cc      0x158 expatlib/xmltok.o
 .text.normal_scanLit
                0x0000000008000824       0xd0 expatlib/xmltok.o
 .text.normal_attributeValueTok
                0x00000000080008f4       0x9a expatlib/xmltok.o
 .text.normal_entityValueTok
                0x000000000800098e       0x9c expatlib/xmltok.o
 *fill*         0x0000000008000a2a        0x2 
 .text.normal_isPublicId
                0x0000000008000a2c       0x54 expatlib/xmltok.o
 .text.normal_getAtts
                0x0000000008000a80      0x154 expatlib/xmltok.o
 .text.normal_predefinedEntityName
                0x0000000008000bd4       0x7e expatlib/xmltok.o
 *fill*         0x0000000008000c52        0x2 
 .text.normal_sameName
                0x0000000008000c54       0x9c expatlib/xmltok.o
 .text.normal_nameMatchesAscii
                0x0000000008000cf0       0x26 expatlib/xmltok.o
 .text.normal_nameLength
                0x0000000008000d16       0x3e expatlib/xmltok.o
 .text.normal_skipS
                0x0000000008000d54       0x28 expatlib/xmltok.o
 .text.normal_updatePosition
                0x0000000008000d7c       0x68 expatlib/xmltok.o
 .text.utf8_toUtf8
                0x0000000008000de4       0x40 expatlib/xmltok.o
 .text.utf8_toUtf16
                0x0000000008000e24       0xae expatlib/xmltok.o
 .text.latin1_toUtf8
                0x0000000008000ed2       0x56 expatlib/xmltok.o
 .text.latin1_toUtf16
                0x0000000008000f28       0x22 expatlib/xmltok.o
 .text.ascii_toUtf8
                0x0000000008000f4a       0x22 expatlib/xmltok.o
 .text.unicode_byte_type
                0x0000000008000f6c       0x2a expatlib/xmltok.o
 .text.little2_toUtf8
                0x0000000008000f96      0x130 expatlib/xmltok.o
 .text.little2_toUtf16
                0x00000000080010c6       0x46 expatlib/xmltok.o
 .text.big2_toUtf8
                0x000000000800110c      0x130 expatlib/xmltok.o
 .text.big2_toUtf16
                0x000000000800123c       0x46 expatlib/xmltok.o
 .text.little2_cdataSectionTok
                0x0000000008001282      0x13c expatlib/xmltok.o
 *fill*         0x00000000080013be        0x2 
 .text.little2_scanRef
                0x00000000080013c0      0x244 expatlib/xmltok.o
 .text.little2_scanPercent
                0x0000000008001604      0x188 expatlib/xmltok.o
 .text.little2_scanLit
                0x000000000800178c       0xbc expatlib/xmltok.o
 .text.little2_attributeValueTok
                0x0000000008001848       0xcc expatlib/xmltok.o
 .text.little2_entityValueTok
                0x0000000008001914       0xd2 expatlib/xmltok.o
 *fill*         0x00000000080019e6        0x2 
 .text.little2_isPublicId
                0x00000000080019e8       0x7c expatlib/xmltok.o
 .text.little2_getAtts
                0x0000000008001a64      0x15e expatlib/xmltok.o
 .text.little2_predefinedEntityName
                0x0000000008001bc2       0xc2 expatlib/xmltok.o
 .text.little2_sameName
                0x0000000008001c84       0xc4 expatlib/xmltok.o
 .text.little2_nameMatchesAscii
                0x0000000008001d48       0x28 expatlib/xmltok.o
 .text.little2_nameLength
                0x0000000008001d70       0x4a expatlib/xmltok.o
 .text.little2_skipS
                0x0000000008001dba       0x38 expatlib/xmltok.o
 .text.little2_updatePosition
                0x0000000008001df2       0x8e expatlib/xmltok.o
 .text.big2_cdataSectionTok
                0x0000000008001e80      0x13c expatlib/xmltok.o
 .text.big2_scanRef
                0x0000000008001fbc      0x22c expatlib/xmltok.o
 .text.big2_scanPercent
                0x00000000080021e8      0x188 expatlib/xmltok.o
 .text.big2_scanLit
                0x0000000008002370       0xbc expatlib/xmltok.o
 .text.big2_attributeValueTok
                0x000000000800242c       0xcc expatlib/xmltok.o
 .text.big2_entityValueTok
                0x00000000080024f8       0xd2 expatlib/xmltok.o
 *fill*         0x00000000080025ca        0x2 
 .text.big2_isPublicId
                0x00000000080025cc       0x74 expatlib/xmltok.o
 .text.big2_getAtts
                0x0000000008002640      0x15e expatlib/xmltok.o
 .text.big2_predefinedEntityName
                0x000000000800279e       0xc2 expatlib/xmltok.o
 .text.big2_sameName
                0x0000000008002860       0xc4 expatlib/xmltok.o
 .text.big2_nameMatchesAscii
                0x0000000008002924       0x28 expatlib/xmltok.o
 .text.big2_nameLength
                0x000000000800294c       0x4a expatlib/xmltok.o
 .text.big2_skipS
                0x0000000008002996       0x32 expatlib/xmltok.o
 .text.big2_updatePosition
                0x00000000080029c8       0x8e expatlib/xmltok.o
 .text.streqci  0x0000000008002a56       0x34 expatlib/xmltok.o
 *fill*         0x0000000008002a8a        0x2 
 .text.initUpdatePosition
                0x0000000008002a8c        0xc expatlib/xmltok.o
 .text.toAscii  0x0000000008002a98       0x2a expatlib/xmltok.o
 *fill*         0x0000000008002ac2        0x2 
 .text.isSpace  0x0000000008002ac4       0x20 expatlib/xmltok.o
 .text.checkCharRefNumber
                0x0000000008002ae4       0x40 expatlib/xmltok.o
 .text.normal_charRefNumber
                0x0000000008002b24       0x66 expatlib/xmltok.o
 .text.big2_charRefNumber
                0x0000000008002b8a       0x86 expatlib/xmltok.o
 .text.little2_charRefNumber
                0x0000000008002c10       0x86 expatlib/xmltok.o
 *fill*         0x0000000008002c96        0x2 
 .text.unknown_isName
                0x0000000008002c98       0x40 expatlib/xmltok.o
 .text.unknown_isNmstrt
                0x0000000008002cd8       0x40 expatlib/xmltok.o
 .text.unknown_isInvalid
                0x0000000008002d18       0x1e expatlib/xmltok.o
 .text.unknown_toUtf16
                0x0000000008002d36       0x5a expatlib/xmltok.o
 .text.getEncodingIndex
                0x0000000008002d90       0x30 expatlib/xmltok.o
 .text.utf8_isInvalid2
                0x0000000008002dc0       0x1e expatlib/xmltok.o
 .text.utf8_isInvalid4
                0x0000000008002dde       0x4e expatlib/xmltok.o
 .text.normal_scanComment.part.2
                0x0000000008002e2c       0xb0 expatlib/xmltok.o
 .text.normal_checkPiTarget.isra.3
                0x0000000008002edc       0x40 expatlib/xmltok.o
 .text.normal_scanPi
                0x0000000008002f1c      0x260 expatlib/xmltok.o
 .text.normal_contentTok
                0x000000000800317c      0x958 expatlib/xmltok.o
 .text.unlikely.little2_scanComment.part.6
                0x0000000008003ad4       0xa0 expatlib/xmltok.o
 .text.little2_checkPiTarget.isra.7
                0x0000000008003b74       0x48 expatlib/xmltok.o
 .text.little2_scanPi
                0x0000000008003bbc      0x264 expatlib/xmltok.o
 .text.little2_contentTok
                0x0000000008003e20      0x994 expatlib/xmltok.o
 .text.unlikely.big2_scanComment.part.10
                0x00000000080047b4       0xa0 expatlib/xmltok.o
 .text.big2_checkPiTarget.isra.11
                0x0000000008004854       0x48 expatlib/xmltok.o
 .text.big2_scanPi
                0x000000000800489c      0x25c expatlib/xmltok.o
 .text.big2_contentTok
                0x0000000008004af8      0x94c expatlib/xmltok.o
 .text.parsePseudoAttribute
                0x0000000008005444      0x122 expatlib/xmltok.o
 *fill*         0x0000000008005566        0x2 
 .text.initScan.constprop.16
                0x0000000008005568      0x11c expatlib/xmltok.o
 .text.initScanContent
                0x0000000008005684       0x16 expatlib/xmltok.o
 .text.initScanProlog
                0x000000000800569a       0x16 expatlib/xmltok.o
 .text.normal_prologTok
                0x00000000080056b0      0x5b8 expatlib/xmltok.o
 .text.little2_prologTok
                0x0000000008005c68      0x634 expatlib/xmltok.o
 .text.big2_prologTok
                0x000000000800629c      0x614 expatlib/xmltok.o
 .text.XmlUtf8Encode
                0x00000000080068b0       0x84 expatlib/xmltok.o
                0x00000000080068b0                XmlUtf8Encode
 .text.unknown_toUtf8
                0x0000000008006934       0x7c expatlib/xmltok.o
 .text.XmlSizeOfUnknownEncoding
                0x00000000080069b0        0x6 expatlib/xmltok.o
                0x00000000080069b0                XmlSizeOfUnknownEncoding
 *fill*         0x00000000080069b6        0x2 
 .text.XmlInitUnknownEncoding
                0x00000000080069b8      0x1a8 expatlib/xmltok.o
                0x00000000080069b8                XmlInitUnknownEncoding
 .text.XmlGetUtf8InternalEncoding
                0x0000000008006b60        0x8 expatlib/xmltok.o
                0x0000000008006b60                XmlGetUtf8InternalEncoding
 .text.XmlInitEncoding
                0x0000000008006b68       0x3c expatlib/xmltok.o
                0x0000000008006b68                XmlInitEncoding
 .text.XmlParseXmlDecl
                0x0000000008006ba4      0x20c expatlib/xmltok.o
                0x0000000008006ba4                XmlParseXmlDecl
 .text.prolog0  0x0000000008006db0       0x80 expatlib/xmlrole.o
 .text.prolog1  0x0000000008006e30       0x68 expatlib/xmlrole.o
 .text.prolog2  0x0000000008006e98       0x34 expatlib/xmlrole.o
 .text.doctype0
                0x0000000008006ecc       0x2c expatlib/xmlrole.o
 .text.doctype1
                0x0000000008006ef8       0x8c expatlib/xmlrole.o
 .text.doctype2
                0x0000000008006f84       0x28 expatlib/xmlrole.o
 .text.doctype3
                0x0000000008006fac       0x28 expatlib/xmlrole.o
 .text.doctype4
                0x0000000008006fd4       0x38 expatlib/xmlrole.o
 .text.doctype5
                0x000000000800700c       0x28 expatlib/xmlrole.o
 .text.internalSubset
                0x0000000008007034       0xf4 expatlib/xmlrole.o
 .text.entity0  0x0000000008007128       0x34 expatlib/xmlrole.o
 .text.entity1  0x000000000800715c       0x28 expatlib/xmlrole.o
 .text.entity2  0x0000000008007184       0x78 expatlib/xmlrole.o
 .text.entity3  0x00000000080071fc       0x28 expatlib/xmlrole.o
 .text.entity4  0x0000000008007224       0x28 expatlib/xmlrole.o
 .text.entity5  0x000000000800724c       0x4c expatlib/xmlrole.o
 .text.entity6  0x0000000008007298       0x2c expatlib/xmlrole.o
 .text.entity7  0x00000000080072c4       0x78 expatlib/xmlrole.o
 .text.entity8  0x000000000800733c       0x28 expatlib/xmlrole.o
 .text.entity9  0x0000000008007364       0x28 expatlib/xmlrole.o
 .text.entity10
                0x000000000800738c       0x28 expatlib/xmlrole.o
 .text.notation0
                0x00000000080073b4       0x28 expatlib/xmlrole.o
 .text.notation1
                0x00000000080073dc       0x60 expatlib/xmlrole.o
 .text.notation2
                0x000000000800743c       0x28 expatlib/xmlrole.o
 .text.notation3
                0x0000000008007464       0x2c expatlib/xmlrole.o
 .text.notation4
                0x0000000008007490       0x3c expatlib/xmlrole.o
 .text.attlist0
                0x00000000080074cc       0x2c expatlib/xmlrole.o
 .text.attlist1
                0x00000000080074f8       0x40 expatlib/xmlrole.o
 .text.attlist2
                0x0000000008007538       0x84 expatlib/xmlrole.o
 .text.attlist3
                0x00000000080075bc       0x30 expatlib/xmlrole.o
 .text.attlist4
                0x00000000080075ec       0x30 expatlib/xmlrole.o
 .text.attlist5
                0x000000000800761c       0x24 expatlib/xmlrole.o
 .text.attlist6
                0x0000000008007640       0x28 expatlib/xmlrole.o
 .text.attlist7
                0x0000000008007668       0x30 expatlib/xmlrole.o
 .text.attlist8
                0x0000000008007698       0x98 expatlib/xmlrole.o
 .text.attlist9
                0x0000000008007730       0x28 expatlib/xmlrole.o
 .text.element0
                0x0000000008007758       0x2c expatlib/xmlrole.o
 .text.element1
                0x0000000008007784       0x88 expatlib/xmlrole.o
 .text.element2
                0x000000000800780c       0x94 expatlib/xmlrole.o
 .text.element3
                0x00000000080078a0       0x4c expatlib/xmlrole.o
 .text.element4
                0x00000000080078ec       0x2c expatlib/xmlrole.o
 .text.element5
                0x0000000008007918       0x38 expatlib/xmlrole.o
 .text.element6
                0x0000000008007950       0x60 expatlib/xmlrole.o
 .text.element7
                0x00000000080079b0       0xa4 expatlib/xmlrole.o
 .text.declClose
                0x0000000008007a54       0x24 expatlib/xmlrole.o
 .text.error    0x0000000008007a78        0x4 expatlib/xmlrole.o
 .text.XmlPrologStateInit
                0x0000000008007a7c        0xc expatlib/xmlrole.o
                0x0000000008007a7c                XmlPrologStateInit
 .text.errorProcessor
                0x0000000008007a88        0x6 expatlib/xmlparse.o
 .text.normalizeLines
                0x0000000008007a8e       0x38 expatlib/xmlparse.o
 .text.reportDefault
                0x0000000008007ac6       0x70 expatlib/xmlparse.o
 .text.doCdataSection
                0x0000000008007b36      0x164 expatlib/xmlparse.o
 *fill*         0x0000000008007c9a        0x2 
 .text.normalizePublicId
                0x0000000008007c9c       0x54 expatlib/xmlparse.o
 .text.hashTableDestroy
                0x0000000008007cf0       0x26 expatlib/xmlparse.o
 .text.hashTableIterNext
                0x0000000008007d16       0x1a expatlib/xmlparse.o
 .text.poolClear
                0x0000000008007d30       0x24 expatlib/xmlparse.o
 .text.poolDestroy
                0x0000000008007d54       0x26 expatlib/xmlparse.o
 .text.nextScaffoldPart
                0x0000000008007d7a       0xb0 expatlib/xmlparse.o
 .text.build_node
                0x0000000008007e2a       0x96 expatlib/xmlparse.o
 .text.handleUnknownEncoding
                0x0000000008007ec0       0x98 expatlib/xmlparse.o
 .text.storeRawNames
                0x0000000008007f58       0x5c expatlib/xmlparse.o
 .text.poolGrow
                0x0000000008007fb4       0xe0 expatlib/xmlparse.o
 .text.poolAppend
                0x0000000008008094       0x3c expatlib/xmlparse.o
 .text.poolStoreString
                0x00000000080080d0       0x30 expatlib/xmlparse.o
 .text.processXmlDecl
                0x0000000008008100      0x164 expatlib/xmlparse.o
 .text.poolCopyString
                0x0000000008008264       0x34 expatlib/xmlparse.o
 .text.parserInit
                0x0000000008008298       0xfc expatlib/xmlparse.o
 .text.destroyBindings.isra.1
                0x0000000008008394       0x1c expatlib/xmlparse.o
 .text.defineAttribute
                0x00000000080083b0       0x96 expatlib/xmlparse.o
 .text.initializeEncoding
                0x0000000008008446       0x26 expatlib/xmlparse.o
 .text.addBinding.part.7
                0x000000000800846c      0x1b0 expatlib/xmlparse.o
 .text.reportProcessingInstruction
                0x000000000800861c       0x88 expatlib/xmlparse.o
 .text.reportComment
                0x00000000080086a4       0x4a expatlib/xmlparse.o
 *fill*         0x00000000080086ee        0x2 
 .text.epilogProcessor
                0x00000000080086f0       0xf8 expatlib/xmlparse.o
 .text.lookup   0x00000000080087e8      0x204 expatlib/xmlparse.o
 .text.setElementTypePrefix
                0x00000000080089ec       0x90 expatlib/xmlparse.o
 .text.getAttributeId
                0x0000000008008a7c      0x138 expatlib/xmlparse.o
 .text.appendAttributeValue
                0x0000000008008bb4      0x282 expatlib/xmlparse.o
 .text.storeAttributeValue
                0x0000000008008e36       0x4e expatlib/xmlparse.o
 .text.getElementType
                0x0000000008008e84       0x4c expatlib/xmlparse.o
 .text.storeAtts
                0x0000000008008ed0      0x640 expatlib/xmlparse.o
 .text.doContent
                0x0000000008009510      0xa0c expatlib/xmlparse.o
 .text.contentProcessor
                0x0000000008009f1c       0x36 expatlib/xmlparse.o
 .text.externalEntityContentProcessor
                0x0000000008009f52       0x36 expatlib/xmlparse.o
 .text.cdataSectionProcessor
                0x0000000008009f88       0x68 expatlib/xmlparse.o
 .text.internalEntityProcessor
                0x0000000008009ff0       0xac expatlib/xmlparse.o
 .text.prologProcessor
                0x000000000800a09c      0xe38 expatlib/xmlparse.o
 .text.prologInitProcessor
                0x000000000800aed4       0x30 expatlib/xmlparse.o
 .text.setContext
                0x000000000800af04      0x198 expatlib/xmlparse.o
 .text.startParsing
                0x000000000800b09c       0x3c expatlib/xmlparse.o
 .text.XML_ParserFree
                0x000000000800b0d8      0x136 expatlib/xmlparse.o
                0x000000000800b0d8                XML_ParserFree
 *fill*         0x000000000800b20e        0x2 
 .text.parserCreate.constprop.17
                0x000000000800b210      0x1dc expatlib/xmlparse.o
 .text.XML_ParserCreate_MM
                0x000000000800b3ec        0x4 expatlib/xmlparse.o
                0x000000000800b3ec                XML_ParserCreate_MM
 .text.XML_ParserCreate
                0x000000000800b3f0        0x8 expatlib/xmlparse.o
                0x000000000800b3f0                XML_ParserCreate
 .text.XML_SetElementHandler
                0x000000000800b3f8        0x6 expatlib/xmlparse.o
                0x000000000800b3f8                XML_SetElementHandler
 *fill*         0x000000000800b3fe        0x2 
 .text.XML_ParseBuffer
                0x000000000800b400       0xb8 expatlib/xmlparse.o
                0x000000000800b400                XML_ParseBuffer
 .text.XML_GetBuffer
                0x000000000800b4b8      0x106 expatlib/xmlparse.o
                0x000000000800b4b8                XML_GetBuffer
 *fill*         0x000000000800b5be        0x2 
 .text.XML_Parse
                0x000000000800b5c0      0x12c expatlib/xmlparse.o
                0x000000000800b5c0                XML_Parse
 .text.XML_GetErrorCode
                0x000000000800b6ec        0x6 expatlib/xmlparse.o
                0x000000000800b6ec                XML_GetErrorCode
 .text.XML_GetCurrentLineNumber
                0x000000000800b6f2       0x2e expatlib/xmlparse.o
                0x000000000800b6f2                XML_GetCurrentLineNumber
 .text.XML_ErrorString
                0x000000000800b720       0x14 expatlib/xmlparse.o
                0x000000000800b720                XML_ErrorString
 .text._ZN4mbed10SerialBaseD2Ev
                0x000000000800b734        0x2 main.o
                0x000000000800b734                mbed::SerialBase::~SerialBase()
                0x000000000800b734                mbed::SerialBase::~SerialBase()
 *fill*         0x000000000800b736        0x2 
 .text._ZL3endPvPKc
                0x000000000800b738       0x10 main.o
 .text._ZL5startPvPKcPS1_
                0x000000000800b748       0x64 main.o
 .text._ZN4mbed6SerialD2Ev
                0x000000000800b7ac       0x24 main.o
                0x000000000800b7ac                mbed::Serial::~Serial()
                0x000000000800b7ac                mbed::Serial::~Serial()
 .text._ZN4mbed6SerialD1Ev
                0x000000000800b7d0       0x10 main.o
                0x000000000800b7d0                non-virtual thunk to mbed::Serial::~Serial()
                0x000000000800b7d8                non-virtual thunk to mbed::Serial::~Serial()
 .text._ZN4mbed10SerialBaseD0Ev
                0x000000000800b7e0        0xc main.o
                0x000000000800b7e0                mbed::SerialBase::~SerialBase()
 .text._Z11serial_readPci
                0x000000000800b7ec       0x4c main.o
                0x000000000800b7ec                serial_read(char*, int)
 .text._Z5parsev
                0x000000000800b838       0xd0 main.o
                0x000000000800b838                parse()
 .text.startup.main
                0x000000000800b908       0x18 main.o
                0x000000000800b908                main
 .text._ZN4mbed6SerialD0Ev
                0x000000000800b920       0x1e main.o
                0x000000000800b920                mbed::Serial::~Serial()
                0x000000000800b932                non-virtual thunk to mbed::Serial::~Serial()
                0x000000000800b938                non-virtual thunk to mbed::Serial::~Serial()
 *fill*         0x000000000800b93e        0x2 
 .text.startup._GLOBAL__sub_I_pc
                0x000000000800b940       0x44 main.o
 .text.mbed_die
                0x000000000800b984       0x14 mbed/TARGET_NUCLEO_L152RE/TOOLCHAIN_GCC_ARM/board.o
                0x000000000800b984                mbed_die
 .text.NVIC_SetVector
                0x000000000800b998       0x48 mbed/TARGET_NUCLEO_L152RE/TOOLCHAIN_GCC_ARM/cmsis_nvic.o
                0x000000000800b998                NVIC_SetVector
 .text.timer_irq_handler
                0x000000000800b9e0       0x48 mbed/TARGET_NUCLEO_L152RE/TOOLCHAIN_GCC_ARM/hal_tick.o
                0x000000000800b9e0                timer_irq_handler
 .text.HAL_InitTick
                0x000000000800ba28       0xa4 mbed/TARGET_NUCLEO_L152RE/TOOLCHAIN_GCC_ARM/hal_tick.o
                0x000000000800ba28                HAL_InitTick
 .text.mbed_sdk_init
                0x000000000800bacc        0x4 mbed/TARGET_NUCLEO_L152RE/TOOLCHAIN_GCC_ARM/mbed_overrides.o
                0x000000000800bacc                mbed_sdk_init
 .text._ZN4mbed10FileHandle4flenEv
                0x000000000800bad0       0x34 mbed/TARGET_NUCLEO_L152RE/TOOLCHAIN_GCC_ARM/retarget.o
                0x000000000800bad0                mbed::FileHandle::flen()
 .text._ZL11init_serialv.part.0
                0x000000000800bb04       0x10 mbed/TARGET_NUCLEO_L152RE/TOOLCHAIN_GCC_ARM/retarget.o
 .text._ZN4mbed10FileHandleD2Ev
                0x000000000800bb14       0x2c mbed/TARGET_NUCLEO_L152RE/TOOLCHAIN_GCC_ARM/retarget.o
                0x000000000800bb14                mbed::FileHandle::~FileHandle()
                0x000000000800bb14                mbed::FileHandle::~FileHandle()
 .text._open    0x000000000800bb40       0xfc mbed/TARGET_NUCLEO_L152RE/TOOLCHAIN_GCC_ARM/retarget.o
                0x000000000800bb40                _open
 .text._close   0x000000000800bc3c       0x28 mbed/TARGET_NUCLEO_L152RE/TOOLCHAIN_GCC_ARM/retarget.o
                0x000000000800bc3c                _close
 .text._write   0x000000000800bc64       0x4c mbed/TARGET_NUCLEO_L152RE/TOOLCHAIN_GCC_ARM/retarget.o
                0x000000000800bc64                _write
 .text._read    0x000000000800bcb0       0x44 mbed/TARGET_NUCLEO_L152RE/TOOLCHAIN_GCC_ARM/retarget.o
                0x000000000800bcb0                _read
 .text._isatty  0x000000000800bcf4       0x24 mbed/TARGET_NUCLEO_L152RE/TOOLCHAIN_GCC_ARM/retarget.o
                0x000000000800bcf4                _isatty
 .text._lseek   0x000000000800bd18       0x24 mbed/TARGET_NUCLEO_L152RE/TOOLCHAIN_GCC_ARM/retarget.o
                0x000000000800bd18                _lseek
 .text._fstat   0x000000000800bd3c       0x20 mbed/TARGET_NUCLEO_L152RE/TOOLCHAIN_GCC_ARM/retarget.o
                0x000000000800bd3c                _fstat
 .text.__cxa_pure_virtual
                0x000000000800bd5c        0x8 mbed/TARGET_NUCLEO_L152RE/TOOLCHAIN_GCC_ARM/retarget.o
                0x000000000800bd5c                __cxa_pure_virtual
 .text.mbed_main
                0x000000000800bd64        0x4 mbed/TARGET_NUCLEO_L152RE/TOOLCHAIN_GCC_ARM/retarget.o
                0x000000000800bd64                mbed_main
 .text.__wrap_main
                0x000000000800bd68       0x14 mbed/TARGET_NUCLEO_L152RE/TOOLCHAIN_GCC_ARM/retarget.o
                0x000000000800bd68                __wrap_main
 .text._sbrk    0x000000000800bd7c       0x28 mbed/TARGET_NUCLEO_L152RE/TOOLCHAIN_GCC_ARM/retarget.o
                0x000000000800bd7c                _sbrk
 .text._exit    0x000000000800bda4       0x24 mbed/TARGET_NUCLEO_L152RE/TOOLCHAIN_GCC_ARM/retarget.o
                0x000000000800bda4                _exit
 .text._ZN4mbed26mbed_set_unbuffered_streamEP7__sFILE
                0x000000000800bdc8        0x8 mbed/TARGET_NUCLEO_L152RE/TOOLCHAIN_GCC_ARM/retarget.o
                0x000000000800bdc8                mbed::mbed_set_unbuffered_stream(__sFILE*)
 .text._ZN4mbed9mbed_getcEP7__sFILE
                0x000000000800bdd0        0x4 mbed/TARGET_NUCLEO_L152RE/TOOLCHAIN_GCC_ARM/retarget.o
                0x000000000800bdd0                mbed::mbed_getc(__sFILE*)
 .text.Reset_Handler
                0x000000000800bdd4       0x4c mbed/TARGET_NUCLEO_L152RE/TOOLCHAIN_GCC_ARM/startup_stm32l152xe.o
                0x000000000800bdd4                Reset_Handler
 .text.Default_Handler
                0x000000000800be20        0x2 mbed/TARGET_NUCLEO_L152RE/TOOLCHAIN_GCC_ARM/startup_stm32l152xe.o
                0x000000000800be20                RTC_Alarm_IRQHandler
                0x000000000800be20                EXTI2_IRQHandler
                0x000000000800be20                COMP_ACQ_IRQHandler
                0x000000000800be20                DebugMon_Handler
                0x000000000800be20                HardFault_Handler
                0x000000000800be20                TIM10_IRQHandler
                0x000000000800be20                USB_HP_IRQHandler
                0x000000000800be20                TIM6_IRQHandler
                0x000000000800be20                SysTick_Handler
                0x000000000800be20                PVD_IRQHandler
                0x000000000800be20                PendSV_Handler
                0x000000000800be20                NMI_Handler
                0x000000000800be20                EXTI3_IRQHandler
                0x000000000800be20                EXTI0_IRQHandler
                0x000000000800be20                I2C2_EV_IRQHandler
                0x000000000800be20                UsageFault_Handler
                0x000000000800be20                SPI1_IRQHandler
                0x000000000800be20                USB_FS_WKUP_IRQHandler
                0x000000000800be20                DMA2_Channel2_IRQHandler
                0x000000000800be20                DMA1_Channel4_IRQHandler
                0x000000000800be20                ADC1_IRQHandler
                0x000000000800be20                USART3_IRQHandler
                0x000000000800be20                DMA1_Channel7_IRQHandler
                0x000000000800be20                LCD_IRQHandler
                0x000000000800be20                UART5_IRQHandler
                0x000000000800be20                TIM4_IRQHandler
                0x000000000800be20                DMA2_Channel1_IRQHandler
                0x000000000800be20                I2C1_EV_IRQHandler
                0x000000000800be20                DMA1_Channel6_IRQHandler
                0x000000000800be20                UART4_IRQHandler
                0x000000000800be20                DMA2_Channel4_IRQHandler
                0x000000000800be20                TIM3_IRQHandler
                0x000000000800be20                RCC_IRQHandler
                0x000000000800be20                DMA1_Channel1_IRQHandler
                0x000000000800be20                Default_Handler
                0x000000000800be20                EXTI15_10_IRQHandler
                0x000000000800be20                TIM7_IRQHandler
                0x000000000800be20                TIM5_IRQHandler
                0x000000000800be20                EXTI9_5_IRQHandler
                0x000000000800be20                TIM9_IRQHandler
                0x000000000800be20                TAMPER_STAMP_IRQHandler
                0x000000000800be20                RTC_WKUP_IRQHandler
                0x000000000800be20                SPI2_IRQHandler
                0x000000000800be20                MemManage_Handler
                0x000000000800be20                SVC_Handler
                0x000000000800be20                DMA2_Channel5_IRQHandler
                0x000000000800be20                DMA1_Channel5_IRQHandler
                0x000000000800be20                USB_LP_IRQHandler
                0x000000000800be20                EXTI4_IRQHandler
                0x000000000800be20                DMA1_Channel3_IRQHandler
                0x000000000800be20                COMP_IRQHandler
                0x000000000800be20                WWDG_IRQHandler
                0x000000000800be20                TIM2_IRQHandler
                0x000000000800be20                DAC_IRQHandler
                0x000000000800be20                EXTI1_IRQHandler
                0x000000000800be20                TIM11_IRQHandler
                0x000000000800be20                USART2_IRQHandler
                0x000000000800be20                I2C2_ER_IRQHandler
                0x000000000800be20                DMA1_Channel2_IRQHandler
                0x000000000800be20                FLASH_IRQHandler
                0x000000000800be20                BusFault_Handler
                0x000000000800be20                USART1_IRQHandler
                0x000000000800be20                SPI3_IRQHandler
                0x000000000800be20                I2C1_ER_IRQHandler
                0x000000000800be20                DMA2_Channel3_IRQHandler
 *fill*         0x000000000800be22        0x2 
 .text.HAL_MspInit
                0x000000000800be24        0x4 mbed/TARGET_NUCLEO_L152RE/TOOLCHAIN_GCC_ARM/stm32l1xx_hal.o
                0x000000000800be24                HAL_MspInit
 .text.HAL_Init
                0x000000000800be28       0x2c mbed/TARGET_NUCLEO_L152RE/TOOLCHAIN_GCC_ARM/stm32l1xx_hal.o
                0x000000000800be28                HAL_Init
 .text.HAL_IncTick
                0x000000000800be54       0x10 mbed/TARGET_NUCLEO_L152RE/TOOLCHAIN_GCC_ARM/stm32l1xx_hal.o
                0x000000000800be54                HAL_IncTick
 .text.HAL_GetTick
                0x000000000800be64        0xc mbed/TARGET_NUCLEO_L152RE/TOOLCHAIN_GCC_ARM/stm32l1xx_hal.o
                0x000000000800be64                HAL_GetTick
 .text.HAL_NVIC_SetPriorityGrouping
                0x000000000800be70       0x24 mbed/TARGET_NUCLEO_L152RE/TOOLCHAIN_GCC_ARM/stm32l1xx_hal_cortex.o
                0x000000000800be70                HAL_NVIC_SetPriorityGrouping
 .text.HAL_GPIO_Init
                0x000000000800be94      0x1e8 mbed/TARGET_NUCLEO_L152RE/TOOLCHAIN_GCC_ARM/stm32l1xx_hal_gpio.o
                0x000000000800be94                HAL_GPIO_Init
 .text.HAL_PWR_EnableBkUpAccess
                0x000000000800c07c       0x1c mbed/TARGET_NUCLEO_L152RE/TOOLCHAIN_GCC_ARM/stm32l1xx_hal_pwr.o
                0x000000000800c07c                HAL_PWR_EnableBkUpAccess
 .text.HAL_RCC_OscConfig
                0x000000000800c098      0x688 mbed/TARGET_NUCLEO_L152RE/TOOLCHAIN_GCC_ARM/stm32l1xx_hal_rcc.o
                0x000000000800c098                HAL_RCC_OscConfig
 .text.HAL_RCC_ClockConfig
                0x000000000800c720      0x25c mbed/TARGET_NUCLEO_L152RE/TOOLCHAIN_GCC_ARM/stm32l1xx_hal_rcc.o
                0x000000000800c720                HAL_RCC_ClockConfig
 .text.HAL_RCC_GetSysClockFreq
                0x000000000800c97c       0x98 mbed/TARGET_NUCLEO_L152RE/TOOLCHAIN_GCC_ARM/stm32l1xx_hal_rcc.o
                0x000000000800c97c                HAL_RCC_GetSysClockFreq
 .text.HAL_RCC_GetHCLKFreq
                0x000000000800ca14       0x34 mbed/TARGET_NUCLEO_L152RE/TOOLCHAIN_GCC_ARM/stm32l1xx_hal_rcc.o
                0x000000000800ca14                HAL_RCC_GetHCLKFreq
 .text.HAL_RCC_GetPCLK1Freq
                0x000000000800ca48       0x2c mbed/TARGET_NUCLEO_L152RE/TOOLCHAIN_GCC_ARM/stm32l1xx_hal_rcc.o
                0x000000000800ca48                HAL_RCC_GetPCLK1Freq
 .text.HAL_RCC_GetPCLK2Freq
                0x000000000800ca74       0x2c mbed/TARGET_NUCLEO_L152RE/TOOLCHAIN_GCC_ARM/stm32l1xx_hal_rcc.o
                0x000000000800ca74                HAL_RCC_GetPCLK2Freq
 .text.HAL_RTC_MspInit
                0x000000000800caa0        0x4 mbed/TARGET_NUCLEO_L152RE/TOOLCHAIN_GCC_ARM/stm32l1xx_hal_rtc.o
                0x000000000800caa0                HAL_RTC_MspInit
 .text.HAL_RTC_GetDate
                0x000000000800caa4       0x58 mbed/TARGET_NUCLEO_L152RE/TOOLCHAIN_GCC_ARM/stm32l1xx_hal_rtc.o
                0x000000000800caa4                HAL_RTC_GetDate
 .text.RTC_EnterInitMode
                0x000000000800cafc       0x34 mbed/TARGET_NUCLEO_L152RE/TOOLCHAIN_GCC_ARM/stm32l1xx_hal_rtc.o
                0x000000000800cafc                RTC_EnterInitMode
 .text.HAL_RTC_Init
                0x000000000800cb30       0x8c mbed/TARGET_NUCLEO_L152RE/TOOLCHAIN_GCC_ARM/stm32l1xx_hal_rtc.o
                0x000000000800cb30                HAL_RTC_Init
 .text.HAL_RTC_SetTime
                0x000000000800cbbc      0x134 mbed/TARGET_NUCLEO_L152RE/TOOLCHAIN_GCC_ARM/stm32l1xx_hal_rtc.o
                0x000000000800cbbc                HAL_RTC_SetTime
 .text.HAL_RTC_SetDate
                0x000000000800ccf0      0x100 mbed/TARGET_NUCLEO_L152RE/TOOLCHAIN_GCC_ARM/stm32l1xx_hal_rtc.o
                0x000000000800ccf0                HAL_RTC_SetDate
 .text.RTC_Bcd2ToByte
                0x000000000800cdf0       0x14 mbed/TARGET_NUCLEO_L152RE/TOOLCHAIN_GCC_ARM/stm32l1xx_hal_rtc.o
                0x000000000800cdf0                RTC_Bcd2ToByte
 .text.HAL_RTC_GetTime
                0x000000000800ce04       0x44 mbed/TARGET_NUCLEO_L152RE/TOOLCHAIN_GCC_ARM/stm32l1xx_hal_rtc_ex.o
                0x000000000800ce04                HAL_RTC_GetTime
 .text.HAL_RTC_WaitForSynchro
                0x000000000800ce48       0x38 mbed/TARGET_NUCLEO_L152RE/TOOLCHAIN_GCC_ARM/stm32l1xx_hal_rtc_ex.o
                0x000000000800ce48                HAL_RTC_WaitForSynchro
 .text.TIM_Base_SetConfig
                0x000000000800ce80       0x64 mbed/TARGET_NUCLEO_L152RE/TOOLCHAIN_GCC_ARM/stm32l1xx_hal_tim.o
 .text.HAL_TIM_OC_MspInit
                0x000000000800cee4        0x4 mbed/TARGET_NUCLEO_L152RE/TOOLCHAIN_GCC_ARM/stm32l1xx_hal_tim.o
                0x000000000800cee4                HAL_TIM_OC_MspInit
 .text.HAL_TIM_OC_Init
                0x000000000800cee8       0x30 mbed/TARGET_NUCLEO_L152RE/TOOLCHAIN_GCC_ARM/stm32l1xx_hal_tim.o
                0x000000000800cee8                HAL_TIM_OC_Init
 .text.HAL_TIM_OC_Start
                0x000000000800cf18       0x24 mbed/TARGET_NUCLEO_L152RE/TOOLCHAIN_GCC_ARM/stm32l1xx_hal_tim.o
                0x000000000800cf18                HAL_TIM_OC_Start
 .text.UART_SetConfig
                0x000000000800cf3c      0x17c mbed/TARGET_NUCLEO_L152RE/TOOLCHAIN_GCC_ARM/stm32l1xx_hal_uart.o
 .text.HAL_UART_MspInit
                0x000000000800d0b8        0x4 mbed/TARGET_NUCLEO_L152RE/TOOLCHAIN_GCC_ARM/stm32l1xx_hal_uart.o
                0x000000000800d0b8                HAL_UART_MspInit
 .text.HAL_UART_Init
                0x000000000800d0bc       0x58 mbed/TARGET_NUCLEO_L152RE/TOOLCHAIN_GCC_ARM/stm32l1xx_hal_uart.o
                0x000000000800d0bc                HAL_UART_Init
 .text.SystemCoreClockUpdate
                0x000000000800d114       0x8c mbed/TARGET_NUCLEO_L152RE/TOOLCHAIN_GCC_ARM/system_stm32l1xx.o
                0x000000000800d114                SystemCoreClockUpdate
 .text.SetSysClock_PLL_HSE
                0x000000000800d1a0       0xa0 mbed/TARGET_NUCLEO_L152RE/TOOLCHAIN_GCC_ARM/system_stm32l1xx.o
                0x000000000800d1a0                SetSysClock_PLL_HSE
 .text.SetSysClock_PLL_HSI
                0x000000000800d240       0x7c mbed/TARGET_NUCLEO_L152RE/TOOLCHAIN_GCC_ARM/system_stm32l1xx.o
                0x000000000800d240                SetSysClock_PLL_HSI
 .text.SetSysClock
                0x000000000800d2bc       0x20 mbed/TARGET_NUCLEO_L152RE/TOOLCHAIN_GCC_ARM/system_stm32l1xx.o
                0x000000000800d2bc                SetSysClock
 .text.SystemInit
                0x000000000800d2dc       0x70 mbed/TARGET_NUCLEO_L152RE/TOOLCHAIN_GCC_ARM/system_stm32l1xx.o
                0x000000000800d2dc                SystemInit
 .text.init_uart
                0x000000000800d34c       0x4c ./mbed/TARGET_NUCLEO_L152RE/TOOLCHAIN_GCC_ARM/libmbed.a(serial_api.o)
 .text.serial_init
                0x000000000800d398      0x130 ./mbed/TARGET_NUCLEO_L152RE/TOOLCHAIN_GCC_ARM/libmbed.a(serial_api.o)
                0x000000000800d398                serial_init
 .text.serial_baud
                0x000000000800d4c8        0x8 ./mbed/TARGET_NUCLEO_L152RE/TOOLCHAIN_GCC_ARM/libmbed.a(serial_api.o)
                0x000000000800d4c8                serial_baud
 .text.serial_irq_handler
                0x000000000800d4d0       0x1c ./mbed/TARGET_NUCLEO_L152RE/TOOLCHAIN_GCC_ARM/libmbed.a(serial_api.o)
                0x000000000800d4d0                serial_irq_handler
 .text.serial_getc
                0x000000000800d4ec       0x18 ./mbed/TARGET_NUCLEO_L152RE/TOOLCHAIN_GCC_ARM/libmbed.a(serial_api.o)
                0x000000000800d4ec                serial_getc
 .text.serial_putc
                0x000000000800d504       0x18 ./mbed/TARGET_NUCLEO_L152RE/TOOLCHAIN_GCC_ARM/libmbed.a(serial_api.o)
                0x000000000800d504                serial_putc
 .text._ZN4mbed8FilePathC2EPKc
                0x000000000800d51c       0x54 ./mbed/TARGET_NUCLEO_L152RE/TOOLCHAIN_GCC_ARM/libmbed.a(FilePath.o)
                0x000000000800d51c                mbed::FilePath::FilePath(char const*)
                0x000000000800d51c                mbed::FilePath::FilePath(char const*)
 .text._ZN4mbed8FilePath8fileNameEv
                0x000000000800d570        0x4 ./mbed/TARGET_NUCLEO_L152RE/TOOLCHAIN_GCC_ARM/libmbed.a(FilePath.o)
                0x000000000800d570                mbed::FilePath::fileName()
 .text._ZN4mbed8FilePath10fileSystemEv
                0x000000000800d574       0x20 ./mbed/TARGET_NUCLEO_L152RE/TOOLCHAIN_GCC_ARM/libmbed.a(FilePath.o)
                0x000000000800d574                mbed::FilePath::fileSystem()
 .text._ZN4mbed8FilePath6isFileEv
                0x000000000800d594       0x14 ./mbed/TARGET_NUCLEO_L152RE/TOOLCHAIN_GCC_ARM/libmbed.a(FilePath.o)
                0x000000000800d594                mbed::FilePath::isFile()
 .text._ZN4mbed8FilePath4fileEv
                0x000000000800d5a8       0x20 ./mbed/TARGET_NUCLEO_L152RE/TOOLCHAIN_GCC_ARM/libmbed.a(FilePath.o)
                0x000000000800d5a8                mbed::FilePath::file()
 .text._ZN4mbed8FilePath6existsEv
                0x000000000800d5c8        0xc ./mbed/TARGET_NUCLEO_L152RE/TOOLCHAIN_GCC_ARM/libmbed.a(FilePath.o)
                0x000000000800d5c8                mbed::FilePath::exists()
 .text._ZN4mbed6Serial5_getcEv
                0x000000000800d5d4        0x4 ./mbed/TARGET_NUCLEO_L152RE/TOOLCHAIN_GCC_ARM/libmbed.a(Serial.o)
                0x000000000800d5d4                mbed::Serial::_getc()
 .text._ZThn84_N4mbed6Serial5_getcEv
                0x000000000800d5d8        0x8 ./mbed/TARGET_NUCLEO_L152RE/TOOLCHAIN_GCC_ARM/libmbed.a(Serial.o)
                0x000000000800d5d8                non-virtual thunk to mbed::Serial::_getc()
 .text._ZN4mbed6Serial5_putcEi
                0x000000000800d5e0        0x4 ./mbed/TARGET_NUCLEO_L152RE/TOOLCHAIN_GCC_ARM/libmbed.a(Serial.o)
                0x000000000800d5e0                mbed::Serial::_putc(int)
 .text._ZThn84_N4mbed6Serial5_putcEi
                0x000000000800d5e4        0x8 ./mbed/TARGET_NUCLEO_L152RE/TOOLCHAIN_GCC_ARM/libmbed.a(Serial.o)
                0x000000000800d5e4                non-virtual thunk to mbed::Serial::_putc(int)
 .text._ZN4mbed6SerialC2E7PinNameS1_PKc
                0x000000000800d5ec       0x30 ./mbed/TARGET_NUCLEO_L152RE/TOOLCHAIN_GCC_ARM/libmbed.a(Serial.o)
                0x000000000800d5ec                mbed::Serial::Serial(PinName, PinName, char const*)
                0x000000000800d5ec                mbed::Serial::Serial(PinName, PinName, char const*)
 .text._ZN4mbed10SerialBase12_irq_handlerEm9SerialIrq
                0x000000000800d61c       0x20 ./mbed/TARGET_NUCLEO_L152RE/TOOLCHAIN_GCC_ARM/libmbed.a(SerialBase.o)
                0x000000000800d61c                mbed::SerialBase::_irq_handler(unsigned long, SerialIrq)
 .text._ZN4mbed10SerialBaseC2E7PinNameS1_
                0x000000000800d63c       0x48 ./mbed/TARGET_NUCLEO_L152RE/TOOLCHAIN_GCC_ARM/libmbed.a(SerialBase.o)
                0x000000000800d63c                mbed::SerialBase::SerialBase(PinName, PinName)
                0x000000000800d63c                mbed::SerialBase::SerialBase(PinName, PinName)
 .text._ZN4mbed10SerialBase4baudEi
                0x000000000800d684       0x10 ./mbed/TARGET_NUCLEO_L152RE/TOOLCHAIN_GCC_ARM/libmbed.a(SerialBase.o)
                0x000000000800d684                mbed::SerialBase::baud(int)
 .text._ZN4mbed10SerialBase10_base_getcEv
                0x000000000800d694        0x8 ./mbed/TARGET_NUCLEO_L152RE/TOOLCHAIN_GCC_ARM/libmbed.a(SerialBase.o)
                0x000000000800d694                mbed::SerialBase::_base_getc()
 .text._ZN4mbed10SerialBase10_base_putcEi
                0x000000000800d69c       0x10 ./mbed/TARGET_NUCLEO_L152RE/TOOLCHAIN_GCC_ARM/libmbed.a(SerialBase.o)
                0x000000000800d69c                mbed::SerialBase::_base_putc(int)
 .text._ZN4mbed6Stream5closeEv
                0x000000000800d6ac        0x4 ./mbed/TARGET_NUCLEO_L152RE/TOOLCHAIN_GCC_ARM/libmbed.a(Stream.o)
                0x000000000800d6ac                mbed::Stream::close()
 .text._ZN4mbed6Stream5writeEPKvj
                0x000000000800d6b0       0x2c ./mbed/TARGET_NUCLEO_L152RE/TOOLCHAIN_GCC_ARM/libmbed.a(Stream.o)
                0x000000000800d6b0                mbed::Stream::write(void const*, unsigned int)
 .text._ZN4mbed6Stream4readEPvj
                0x000000000800d6dc       0x2c ./mbed/TARGET_NUCLEO_L152RE/TOOLCHAIN_GCC_ARM/libmbed.a(Stream.o)
                0x000000000800d6dc                mbed::Stream::read(void*, unsigned int)
 .text._ZN4mbed6Stream5lseekEli
                0x000000000800d708        0x4 ./mbed/TARGET_NUCLEO_L152RE/TOOLCHAIN_GCC_ARM/libmbed.a(Stream.o)
                0x000000000800d708                mbed::Stream::lseek(long, int)
 .text._ZN4mbed6Stream6isattyEv
                0x000000000800d70c        0x4 ./mbed/TARGET_NUCLEO_L152RE/TOOLCHAIN_GCC_ARM/libmbed.a(Stream.o)
                0x000000000800d70c                mbed::Stream::isatty()
 .text._ZN4mbed6Stream5fsyncEv
                0x000000000800d710        0x4 ./mbed/TARGET_NUCLEO_L152RE/TOOLCHAIN_GCC_ARM/libmbed.a(Stream.o)
                0x000000000800d710                mbed::Stream::fsync()
 .text._ZN4mbed6Stream4flenEv
                0x000000000800d714        0x4 ./mbed/TARGET_NUCLEO_L152RE/TOOLCHAIN_GCC_ARM/libmbed.a(Stream.o)
                0x000000000800d714                mbed::Stream::flen()
 .text._ZN4mbed6StreamC2EPKc
                0x000000000800d718       0x44 ./mbed/TARGET_NUCLEO_L152RE/TOOLCHAIN_GCC_ARM/libmbed.a(Stream.o)
                0x000000000800d718                mbed::Stream::Stream(char const*)
                0x000000000800d718                mbed::Stream::Stream(char const*)
 .text._ZN4mbed6StreamD2Ev
                0x000000000800d75c       0x24 ./mbed/TARGET_NUCLEO_L152RE/TOOLCHAIN_GCC_ARM/libmbed.a(Stream.o)
                0x000000000800d75c                mbed::Stream::~Stream()
                0x000000000800d75c                mbed::Stream::~Stream()
 .text._ZN4mbed6Stream4getcEv
                0x000000000800d780       0x14 ./mbed/TARGET_NUCLEO_L152RE/TOOLCHAIN_GCC_ARM/libmbed.a(Stream.o)
                0x000000000800d780                mbed::Stream::getc()
 .text._ZN4mbed6Stream6printfEPKcz
                0x000000000800d794       0x2c ./mbed/TARGET_NUCLEO_L152RE/TOOLCHAIN_GCC_ARM/libmbed.a(Stream.o)
                0x000000000800d794                mbed::Stream::printf(char const*, ...)
 .text.mbed_assert_internal
                0x000000000800d7c0       0x18 ./mbed/TARGET_NUCLEO_L152RE/TOOLCHAIN_GCC_ARM/libmbed.a(assert.o)
                0x000000000800d7c0                mbed_assert_internal
 .text.gpio_init_out
                0x000000000800d7d8       0x48 ./mbed/TARGET_NUCLEO_L152RE/TOOLCHAIN_GCC_ARM/libmbed.a(gpio.o)
                0x000000000800d7d8                gpio_init_out
 .text.error    0x000000000800d820       0x24 ./mbed/TARGET_NUCLEO_L152RE/TOOLCHAIN_GCC_ARM/libmbed.a(error.o)
                0x000000000800d820                error
 .text.pinmap_pinout
                0x000000000800d844       0x44 ./mbed/TARGET_NUCLEO_L152RE/TOOLCHAIN_GCC_ARM/libmbed.a(pinmap_common.o)
                0x000000000800d844                pinmap_pinout
 .text.pinmap_merge
                0x000000000800d888       0x24 ./mbed/TARGET_NUCLEO_L152RE/TOOLCHAIN_GCC_ARM/libmbed.a(pinmap_common.o)
                0x000000000800d888                pinmap_merge
 .text.pinmap_peripheral
                0x000000000800d8ac       0x38 ./mbed/TARGET_NUCLEO_L152RE/TOOLCHAIN_GCC_ARM/libmbed.a(pinmap_common.o)
                0x000000000800d8ac                pinmap_peripheral
 .text.time     0x000000000800d8e4       0x40 ./mbed/TARGET_NUCLEO_L152RE/TOOLCHAIN_GCC_ARM/libmbed.a(rtc_time.o)
                0x000000000800d8e4                time
 .text.us_ticker_irq_handler
                0x000000000800d924        0xc ./mbed/TARGET_NUCLEO_L152RE/TOOLCHAIN_GCC_ARM/libmbed.a(us_ticker_api.o)
                0x000000000800d924                us_ticker_irq_handler
 .text.ticker_irq_handler
                0x000000000800d930       0x4c ./mbed/TARGET_NUCLEO_L152RE/TOOLCHAIN_GCC_ARM/libmbed.a(ticker_api.o)
                0x000000000800d930                ticker_irq_handler
 .text.wait_us  0x000000000800d97c       0x18 ./mbed/TARGET_NUCLEO_L152RE/TOOLCHAIN_GCC_ARM/libmbed.a(wait_api.o)
                0x000000000800d97c                wait_us
 .text.wait_ms  0x000000000800d994        0xc ./mbed/TARGET_NUCLEO_L152RE/TOOLCHAIN_GCC_ARM/libmbed.a(wait_api.o)
                0x000000000800d994                wait_ms
 .text.gpio_set
                0x000000000800d9a0       0x30 ./mbed/TARGET_NUCLEO_L152RE/TOOLCHAIN_GCC_ARM/libmbed.a(gpio_api.o)
                0x000000000800d9a0                gpio_set
 .text.gpio_init
                0x000000000800d9d0       0x30 ./mbed/TARGET_NUCLEO_L152RE/TOOLCHAIN_GCC_ARM/libmbed.a(gpio_api.o)
                0x000000000800d9d0                gpio_init
 .text.gpio_mode
                0x000000000800da00        0x8 ./mbed/TARGET_NUCLEO_L152RE/TOOLCHAIN_GCC_ARM/libmbed.a(gpio_api.o)
                0x000000000800da00                gpio_mode
 .text.gpio_dir
                0x000000000800da08       0x40 ./mbed/TARGET_NUCLEO_L152RE/TOOLCHAIN_GCC_ARM/libmbed.a(gpio_api.o)
                0x000000000800da08                gpio_dir
 .text.Set_GPIO_Clock
                0x000000000800da48       0x80 ./mbed/TARGET_NUCLEO_L152RE/TOOLCHAIN_GCC_ARM/libmbed.a(pinmap.o)
                0x000000000800da48                Set_GPIO_Clock
 .text.pin_function
                0x000000000800dac8       0x5c ./mbed/TARGET_NUCLEO_L152RE/TOOLCHAIN_GCC_ARM/libmbed.a(pinmap.o)
                0x000000000800dac8                pin_function
 .text.pin_mode
                0x000000000800db24       0x48 ./mbed/TARGET_NUCLEO_L152RE/TOOLCHAIN_GCC_ARM/libmbed.a(pinmap.o)
                0x000000000800db24                pin_mode
 .text.rtc_init
                0x000000000800db6c       0xec ./mbed/TARGET_NUCLEO_L152RE/TOOLCHAIN_GCC_ARM/libmbed.a(rtc_api.o)
                0x000000000800db6c                rtc_init
 .text.rtc_isenabled
                0x000000000800dc58        0xc ./mbed/TARGET_NUCLEO_L152RE/TOOLCHAIN_GCC_ARM/libmbed.a(rtc_api.o)
                0x000000000800dc58                rtc_isenabled
 .text.rtc_read
                0x000000000800dc64       0x60 ./mbed/TARGET_NUCLEO_L152RE/TOOLCHAIN_GCC_ARM/libmbed.a(rtc_api.o)
                0x000000000800dc64                rtc_read
 .text.rtc_write
                0x000000000800dcc4       0x70 ./mbed/TARGET_NUCLEO_L152RE/TOOLCHAIN_GCC_ARM/libmbed.a(rtc_api.o)
                0x000000000800dcc4                rtc_write
 .text.us_ticker_init
                0x000000000800dd34       0x28 ./mbed/TARGET_NUCLEO_L152RE/TOOLCHAIN_GCC_ARM/libmbed.a(us_ticker.o)
                0x000000000800dd34                us_ticker_init
 .text.us_ticker_read
                0x000000000800dd5c       0x30 ./mbed/TARGET_NUCLEO_L152RE/TOOLCHAIN_GCC_ARM/libmbed.a(us_ticker.o)
                0x000000000800dd5c                us_ticker_read
 .text.us_ticker_set_interrupt
                0x000000000800dd8c       0x14 ./mbed/TARGET_NUCLEO_L152RE/TOOLCHAIN_GCC_ARM/libmbed.a(us_ticker.o)
                0x000000000800dd8c                us_ticker_set_interrupt
 .text.us_ticker_disable_interrupt
                0x000000000800dda0       0x14 ./mbed/TARGET_NUCLEO_L152RE/TOOLCHAIN_GCC_ARM/libmbed.a(us_ticker.o)
                0x000000000800dda0                us_ticker_disable_interrupt
 .text.us_ticker_clear_interrupt
                0x000000000800ddb4       0x10 ./mbed/TARGET_NUCLEO_L152RE/TOOLCHAIN_GCC_ARM/libmbed.a(us_ticker.o)
                0x000000000800ddb4                us_ticker_clear_interrupt
 .text._ZN4mbed8FileLikeC2EPKc
                0x000000000800ddc4       0x28 ./mbed/TARGET_NUCLEO_L152RE/TOOLCHAIN_GCC_ARM/libmbed.a(FileLike.o)
                0x000000000800ddc4                mbed::FileLike::FileLike(char const*)
                0x000000000800ddc4                mbed::FileLike::FileLike(char const*)
 .text._ZN4mbed8FileLikeD2Ev
                0x000000000800ddec       0x24 ./mbed/TARGET_NUCLEO_L152RE/TOOLCHAIN_GCC_ARM/libmbed.a(FileLike.o)
                0x000000000800ddec                mbed::FileLike::~FileLike()
                0x000000000800ddec                mbed::FileLike::~FileLike()
 .text._ZN4mbed8FileBaseD2Ev
                0x000000000800de10       0x30 ./mbed/TARGET_NUCLEO_L152RE/TOOLCHAIN_GCC_ARM/libmbed.a(FileBase.o)
                0x000000000800de10                mbed::FileBase::~FileBase()
                0x000000000800de10                mbed::FileBase::~FileBase()
 .text._ZN4mbed8FileBaseD0Ev
                0x000000000800de40       0x3c ./mbed/TARGET_NUCLEO_L152RE/TOOLCHAIN_GCC_ARM/libmbed.a(FileBase.o)
                0x000000000800de40                mbed::FileBase::~FileBase()
 .text._ZN4mbed8FileBaseC2EPKcNS_8PathTypeE
                0x000000000800de7c       0x28 ./mbed/TARGET_NUCLEO_L152RE/TOOLCHAIN_GCC_ARM/libmbed.a(FileBase.o)
                0x000000000800de7c                mbed::FileBase::FileBase(char const*, mbed::PathType)
                0x000000000800de7c                mbed::FileBase::FileBase(char const*, mbed::PathType)
 .text._ZN4mbed8FileBase6lookupEPKcj
                0x000000000800dea4       0x3c ./mbed/TARGET_NUCLEO_L152RE/TOOLCHAIN_GCC_ARM/libmbed.a(FileBase.o)
                0x000000000800dea4                mbed::FileBase::lookup(char const*, unsigned int)
 .text._ZN4mbed8FileBase11getPathTypeEv
                0x000000000800dee0        0x4 ./mbed/TARGET_NUCLEO_L152RE/TOOLCHAIN_GCC_ARM/libmbed.a(FileBase.o)
                0x000000000800dee0                mbed::FileBase::getPathType()
 .text._ZdlPv   0x000000000800dee4        0x4 /usr/lib/gcc/arm-none-eabi/4.9.3/../../../arm-none-eabi/lib/armv7-m/libstdc++_nano.a(del_op.o)
                0x000000000800dee4                operator delete(void*)
 .text.__aeabi_atexit
                0x000000000800dee8        0xa /usr/lib/gcc/arm-none-eabi/4.9.3/../../../arm-none-eabi/lib/armv7-m/libstdc++_nano.a(atexit_arm.o)
                0x000000000800dee8                __aeabi_atexit
 .text.atexit   0x000000000800def2        0xc /usr/lib/gcc/arm-none-eabi/4.9.3/../../../arm-none-eabi/lib/armv7-m/libc_nano.a(lib_a-atexit.o)
                0x000000000800def2                atexit
 *fill*         0x000000000800defe        0x2 
 .text.__cxa_atexit
                0x000000000800df00       0x1c /usr/lib/gcc/arm-none-eabi/4.9.3/../../../arm-none-eabi/lib/armv7-m/libc_nano.a(lib_a-cxa_atexit.o)
                0x000000000800df00                __cxa_atexit
 .text.__errno  0x000000000800df1c        0xc /usr/lib/gcc/arm-none-eabi/4.9.3/../../../arm-none-eabi/lib/armv7-m/libc_nano.a(lib_a-errno.o)
                0x000000000800df1c                __errno
 .text.exit     0x000000000800df28       0x28 /usr/lib/gcc/arm-none-eabi/4.9.3/../../../arm-none-eabi/lib/armv7-m/libc_nano.a(lib_a-exit.o)
                0x000000000800df28                exit
 .text._fclose_r
                0x000000000800df50       0xa4 /usr/lib/gcc/arm-none-eabi/4.9.3/../../../arm-none-eabi/lib/armv7-m/libc_nano.a(lib_a-fclose.o)
                0x000000000800df50                _fclose_r
 .text.fclose   0x000000000800dff4       0x10 /usr/lib/gcc/arm-none-eabi/4.9.3/../../../arm-none-eabi/lib/armv7-m/libc_nano.a(lib_a-fclose.o)
                0x000000000800dff4                fclose
 .text.ferror   0x000000000800e004       0x48 /usr/lib/gcc/arm-none-eabi/4.9.3/../../../arm-none-eabi/lib/armv7-m/libc_nano.a(lib_a-ferror.o)
                0x000000000800e004                ferror
 .text.__sflush_r
                0x000000000800e04c      0x106 /usr/lib/gcc/arm-none-eabi/4.9.3/../../../arm-none-eabi/lib/armv7-m/libc_nano.a(lib_a-fflush.o)
                0x000000000800e04c                __sflush_r
 *fill*         0x000000000800e152        0x2 
 .text._fflush_r
                0x000000000800e154       0x54 /usr/lib/gcc/arm-none-eabi/4.9.3/../../../arm-none-eabi/lib/armv7-m/libc_nano.a(lib_a-fflush.o)
                0x000000000800e154                _fflush_r
 .text.fflush   0x000000000800e1a8       0x24 /usr/lib/gcc/arm-none-eabi/4.9.3/../../../arm-none-eabi/lib/armv7-m/libc_nano.a(lib_a-fflush.o)
                0x000000000800e1a8                fflush
 .text._fgetc_r
                0x000000000800e1cc       0x58 /usr/lib/gcc/arm-none-eabi/4.9.3/../../../arm-none-eabi/lib/armv7-m/libc_nano.a(lib_a-fgetc.o)
                0x000000000800e1cc                _fgetc_r
 .text.fgetc    0x000000000800e224       0x10 /usr/lib/gcc/arm-none-eabi/4.9.3/../../../arm-none-eabi/lib/armv7-m/libc_nano.a(lib_a-fgetc.o)
                0x000000000800e224                fgetc
 .text._cleanup_r
                0x000000000800e234        0xc /usr/lib/gcc/arm-none-eabi/4.9.3/../../../arm-none-eabi/lib/armv7-m/libc_nano.a(lib_a-findfp.o)
                0x000000000800e234                _cleanup_r
 .text.std.isra.0
                0x000000000800e240       0x48 /usr/lib/gcc/arm-none-eabi/4.9.3/../../../arm-none-eabi/lib/armv7-m/libc_nano.a(lib_a-findfp.o)
 .text.__sfmoreglue
                0x000000000800e288       0x2c /usr/lib/gcc/arm-none-eabi/4.9.3/../../../arm-none-eabi/lib/armv7-m/libc_nano.a(lib_a-findfp.o)
                0x000000000800e288                __sfmoreglue
 .text.__sinit  0x000000000800e2b4       0x60 /usr/lib/gcc/arm-none-eabi/4.9.3/../../../arm-none-eabi/lib/armv7-m/libc_nano.a(lib_a-findfp.o)
                0x000000000800e2b4                __sinit
 .text.__sfp    0x000000000800e314       0x74 /usr/lib/gcc/arm-none-eabi/4.9.3/../../../arm-none-eabi/lib/armv7-m/libc_nano.a(lib_a-findfp.o)
                0x000000000800e314                __sfp
 .text.__sfp_lock_acquire
                0x000000000800e388        0x2 /usr/lib/gcc/arm-none-eabi/4.9.3/../../../arm-none-eabi/lib/armv7-m/libc_nano.a(lib_a-findfp.o)
                0x000000000800e388                __sfp_lock_acquire
 .text.__sfp_lock_release
                0x000000000800e38a        0x2 /usr/lib/gcc/arm-none-eabi/4.9.3/../../../arm-none-eabi/lib/armv7-m/libc_nano.a(lib_a-findfp.o)
                0x000000000800e38a                __sfp_lock_release
 .text.__libc_fini_array
                0x000000000800e38c       0x28 /usr/lib/gcc/arm-none-eabi/4.9.3/../../../arm-none-eabi/lib/armv7-m/libc_nano.a(lib_a-fini.o)
                0x000000000800e38c                __libc_fini_array
 .text._fopen_r
                0x000000000800e3b4       0x80 /usr/lib/gcc/arm-none-eabi/4.9.3/../../../arm-none-eabi/lib/armv7-m/libc_nano.a(lib_a-fopen.o)
                0x000000000800e3b4                _fopen_r
 .text.fopen    0x000000000800e434       0x14 /usr/lib/gcc/arm-none-eabi/4.9.3/../../../arm-none-eabi/lib/armv7-m/libc_nano.a(lib_a-fopen.o)
                0x000000000800e434                fopen
 .text._fputs_r
                0x000000000800e448       0xa8 /usr/lib/gcc/arm-none-eabi/4.9.3/../../../arm-none-eabi/lib/armv7-m/libc_nano.a(lib_a-fputs.o)
                0x000000000800e448                _fputs_r
 .text.fputs    0x000000000800e4f0       0x14 /usr/lib/gcc/arm-none-eabi/4.9.3/../../../arm-none-eabi/lib/armv7-m/libc_nano.a(lib_a-fputs.o)
                0x000000000800e4f0                fputs
 .text._fseek_r
                0x000000000800e504        0x4 /usr/lib/gcc/arm-none-eabi/4.9.3/../../../arm-none-eabi/lib/armv7-m/libc_nano.a(lib_a-fseek.o)
                0x000000000800e504                _fseek_r
 .text._fseeko_r
                0x000000000800e508      0x118 /usr/lib/gcc/arm-none-eabi/4.9.3/../../../arm-none-eabi/lib/armv7-m/libc_nano.a(lib_a-fseeko.o)
                0x000000000800e508                _fseeko_r
 .text._fwalk   0x000000000800e620       0x38 /usr/lib/gcc/arm-none-eabi/4.9.3/../../../arm-none-eabi/lib/armv7-m/libc_nano.a(lib_a-fwalk.o)
                0x000000000800e620                _fwalk
 .text._fwalk_reent
                0x000000000800e658       0x3c /usr/lib/gcc/arm-none-eabi/4.9.3/../../../arm-none-eabi/lib/armv7-m/libc_nano.a(lib_a-fwalk.o)
                0x000000000800e658                _fwalk_reent
 .text.__libc_init_array
                0x000000000800e694       0x4c /usr/lib/gcc/arm-none-eabi/4.9.3/../../../arm-none-eabi/lib/armv7-m/libc_nano.a(lib_a-init.o)
                0x000000000800e694                __libc_init_array
 .text.localtime
                0x000000000800e6e0       0x24 /usr/lib/gcc/arm-none-eabi/4.9.3/../../../arm-none-eabi/lib/armv7-m/libc_nano.a(lib_a-lcltime.o)
                0x000000000800e6e0                localtime
 .text.localtime_r
                0x000000000800e704      0x1cc /usr/lib/gcc/arm-none-eabi/4.9.3/../../../arm-none-eabi/lib/armv7-m/libc_nano.a(lib_a-lcltime_r.o)
                0x000000000800e704                localtime_r
 .text.__smakebuf_r
                0x000000000800e8d0       0x98 /usr/lib/gcc/arm-none-eabi/4.9.3/../../../arm-none-eabi/lib/armv7-m/libc_nano.a(lib_a-makebuf.o)
                0x000000000800e8d0                __smakebuf_r
 .text.malloc   0x000000000800e968       0x10 /usr/lib/gcc/arm-none-eabi/4.9.3/../../../arm-none-eabi/lib/armv7-m/libc_nano.a(lib_a-malloc.o)
                0x000000000800e968                malloc
 .text.free     0x000000000800e978       0x10 /usr/lib/gcc/arm-none-eabi/4.9.3/../../../arm-none-eabi/lib/armv7-m/libc_nano.a(lib_a-malloc.o)
                0x000000000800e978                free
 .text.memchr   0x000000000800e988       0x1c /usr/lib/gcc/arm-none-eabi/4.9.3/../../../arm-none-eabi/lib/armv7-m/libc_nano.a(lib_a-memchr.o)
                0x000000000800e988                memchr
 .text.memcmp   0x000000000800e9a4       0x20 /usr/lib/gcc/arm-none-eabi/4.9.3/../../../arm-none-eabi/lib/armv7-m/libc_nano.a(lib_a-memcmp.o)
                0x000000000800e9a4                memcmp
 .text.memcpy   0x000000000800e9c4       0x16 /usr/lib/gcc/arm-none-eabi/4.9.3/../../../arm-none-eabi/lib/armv7-m/libc_nano.a(lib_a-memcpy.o)
                0x000000000800e9c4                memcpy
 .text.memmove  0x000000000800e9da       0x36 /usr/lib/gcc/arm-none-eabi/4.9.3/../../../arm-none-eabi/lib/armv7-m/libc_nano.a(lib_a-memmove.o)
                0x000000000800e9da                memmove
 .text.memset   0x000000000800ea10       0x10 /usr/lib/gcc/arm-none-eabi/4.9.3/../../../arm-none-eabi/lib/armv7-m/libc_nano.a(lib_a-memset.o)
                0x000000000800ea10                memset
 .text.validate_structure
                0x000000000800ea20      0x1ac /usr/lib/gcc/arm-none-eabi/4.9.3/../../../arm-none-eabi/lib/armv7-m/libc_nano.a(lib_a-mktime.o)
 .text.mktime   0x000000000800ebcc      0x2f8 /usr/lib/gcc/arm-none-eabi/4.9.3/../../../arm-none-eabi/lib/armv7-m/libc_nano.a(lib_a-mktime.o)
                0x000000000800ebcc                mktime
 .text._free_r  0x000000000800eec4       0x88 /usr/lib/gcc/arm-none-eabi/4.9.3/../../../arm-none-eabi/lib/armv7-m/libc_nano.a(lib_a-nano-freer.o)
                0x000000000800eec4                _free_r
 .text._malloc_r
                0x000000000800ef4c       0xac /usr/lib/gcc/arm-none-eabi/4.9.3/../../../arm-none-eabi/lib/armv7-m/libc_nano.a(lib_a-nano-mallocr.o)
                0x000000000800ef4c                _malloc_r
 .text.__sfputc_r
                0x000000000800eff8       0x2c /usr/lib/gcc/arm-none-eabi/4.9.3/../../../arm-none-eabi/lib/armv7-m/libc_nano.a(lib_a-nano-vfprintf.o)
 .text.__sfputs_r
                0x000000000800f024       0x24 /usr/lib/gcc/arm-none-eabi/4.9.3/../../../arm-none-eabi/lib/armv7-m/libc_nano.a(lib_a-nano-vfprintf.o)
                0x000000000800f024                __sfputs_r
 .text._vfprintf_r
                0x000000000800f048      0x210 /usr/lib/gcc/arm-none-eabi/4.9.3/../../../arm-none-eabi/lib/armv7-m/libc_nano.a(lib_a-nano-vfprintf.o)
                0x000000000800f048                _vfiprintf_r
                0x000000000800f048                _vfprintf_r
 .text.vfprintf
                0x000000000800f258       0x1c /usr/lib/gcc/arm-none-eabi/4.9.3/../../../arm-none-eabi/lib/armv7-m/libc_nano.a(lib_a-nano-vfprintf.o)
                0x000000000800f258                vfiprintf
                0x000000000800f258                vfprintf
 .text.__cvt    0x000000000800f274       0xbc /usr/lib/gcc/arm-none-eabi/4.9.3/../../../arm-none-eabi/lib/armv7-m/libc_nano.a(lib_a-nano-vfprintf_float.o)
                0x000000000800f274                __cvt
 .text.__exponent
                0x000000000800f330       0x62 /usr/lib/gcc/arm-none-eabi/4.9.3/../../../arm-none-eabi/lib/armv7-m/libc_nano.a(lib_a-nano-vfprintf_float.o)
                0x000000000800f330                __exponent
 *fill*         0x000000000800f392        0x2 
 .text._printf_float
                0x000000000800f394      0x48c /usr/lib/gcc/arm-none-eabi/4.9.3/../../../arm-none-eabi/lib/armv7-m/libc_nano.a(lib_a-nano-vfprintf_float.o)
                0x000000000800f394                _printf_float
 .text._printf_common
                0x000000000800f820       0xea /usr/lib/gcc/arm-none-eabi/4.9.3/../../../arm-none-eabi/lib/armv7-m/libc_nano.a(lib_a-nano-vfprintf_i.o)
                0x000000000800f820                _printf_common
 *fill*         0x000000000800f90a        0x2 
 .text._printf_i
                0x000000000800f90c      0x240 /usr/lib/gcc/arm-none-eabi/4.9.3/../../../arm-none-eabi/lib/armv7-m/libc_nano.a(lib_a-nano-vfprintf_i.o)
                0x000000000800f90c                _printf_i
 .text._scanf_float
                0x000000000800fb4c      0x3cc /usr/lib/gcc/arm-none-eabi/4.9.3/../../../arm-none-eabi/lib/armv7-m/libc_nano.a(lib_a-nano-vfscanf_float.o)
                0x000000000800fb4c                _scanf_float
 .text._scanf_chars
                0x000000000800ff18       0xbc /usr/lib/gcc/arm-none-eabi/4.9.3/../../../arm-none-eabi/lib/armv7-m/libc_nano.a(lib_a-nano-vfscanf_i.o)
                0x000000000800ff18                _scanf_chars
 .text._scanf_i
                0x000000000800ffd4      0x1e4 /usr/lib/gcc/arm-none-eabi/4.9.3/../../../arm-none-eabi/lib/armv7-m/libc_nano.a(lib_a-nano-vfscanf_i.o)
                0x000000000800ffd4                _scanf_i
 .text._open_r  0x00000000080101b8       0x24 /usr/lib/gcc/arm-none-eabi/4.9.3/../../../arm-none-eabi/lib/armv7-m/libc_nano.a(lib_a-openr.o)
                0x00000000080101b8                _open_r
 .text.printf   0x00000000080101dc       0x30 /usr/lib/gcc/arm-none-eabi/4.9.3/../../../arm-none-eabi/lib/armv7-m/libc_nano.a(lib_a-printf.o)
                0x00000000080101dc                printf
                0x00000000080101dc                iprintf
 .text._puts_r  0x000000000801020c       0xf0 /usr/lib/gcc/arm-none-eabi/4.9.3/../../../arm-none-eabi/lib/armv7-m/libc_nano.a(lib_a-puts.o)
                0x000000000801020c                _puts_r
 .text.puts     0x00000000080102fc       0x10 /usr/lib/gcc/arm-none-eabi/4.9.3/../../../arm-none-eabi/lib/armv7-m/libc_nano.a(lib_a-puts.o)
                0x00000000080102fc                puts
 .text.srand    0x000000000801030c       0x50 /usr/lib/gcc/arm-none-eabi/4.9.3/../../../arm-none-eabi/lib/armv7-m/libc_nano.a(lib_a-rand.o)
                0x000000000801030c                srand
 .text.rand     0x000000000801035c       0x74 /usr/lib/gcc/arm-none-eabi/4.9.3/../../../arm-none-eabi/lib/armv7-m/libc_nano.a(lib_a-rand.o)
                0x000000000801035c                rand
 .text.realloc  0x00000000080103d0       0x14 /usr/lib/gcc/arm-none-eabi/4.9.3/../../../arm-none-eabi/lib/armv7-m/libc_nano.a(lib_a-realloc.o)
                0x00000000080103d0                realloc
 .text.lflush   0x00000000080103e4       0x12 /usr/lib/gcc/arm-none-eabi/4.9.3/../../../arm-none-eabi/lib/armv7-m/libc_nano.a(lib_a-refill.o)
 *fill*         0x00000000080103f6        0x2 
 .text.__srefill_r
                0x00000000080103f8      0x10c /usr/lib/gcc/arm-none-eabi/4.9.3/../../../arm-none-eabi/lib/armv7-m/libc_nano.a(lib_a-refill.o)
                0x00000000080103f8                __srefill_r
 .text.__srget_r
                0x0000000008010504       0x58 /usr/lib/gcc/arm-none-eabi/4.9.3/../../../arm-none-eabi/lib/armv7-m/libc_nano.a(lib_a-rget.o)
                0x0000000008010504                __srget_r
 .text.__fpclassifyd
                0x000000000801055c       0x50 /usr/lib/gcc/arm-none-eabi/4.9.3/../../../arm-none-eabi/lib/armv7-m/libc_nano.a(lib_a-s_fpclassify.o)
                0x000000000801055c                __fpclassifyd
 .text._sbrk_r  0x00000000080105ac       0x20 /usr/lib/gcc/arm-none-eabi/4.9.3/../../../arm-none-eabi/lib/armv7-m/libc_nano.a(lib_a-sbrkr.o)
                0x00000000080105ac                _sbrk_r
 .text.__sccl   0x00000000080105cc       0x62 /usr/lib/gcc/arm-none-eabi/4.9.3/../../../arm-none-eabi/lib/armv7-m/libc_nano.a(lib_a-sccl.o)
                0x00000000080105cc                __sccl
 .text.setbuf   0x000000000801062e       0x10 /usr/lib/gcc/arm-none-eabi/4.9.3/../../../arm-none-eabi/lib/armv7-m/libc_nano.a(lib_a-setbuf.o)
                0x000000000801062e                setbuf
 *fill*         0x000000000801063e        0x2 
 .text.setvbuf  0x0000000008010640      0x110 /usr/lib/gcc/arm-none-eabi/4.9.3/../../../arm-none-eabi/lib/armv7-m/libc_nano.a(lib_a-setvbuf.o)
                0x0000000008010640                setvbuf
 .text.nanf     0x0000000008010750        0x8 /usr/lib/gcc/arm-none-eabi/4.9.3/../../../arm-none-eabi/lib/armv7-m/libc_nano.a(lib_a-sf_nan.o)
                0x0000000008010750                nanf
 .text.sprintf  0x0000000008010758       0x48 /usr/lib/gcc/arm-none-eabi/4.9.3/../../../arm-none-eabi/lib/armv7-m/libc_nano.a(lib_a-sprintf.o)
                0x0000000008010758                sprintf
                0x0000000008010758                siprintf
 .text.sscanf   0x00000000080107a0       0x54 /usr/lib/gcc/arm-none-eabi/4.9.3/../../../arm-none-eabi/lib/armv7-m/libc_nano.a(lib_a-sscanf.o)
                0x00000000080107a0                sscanf
                0x00000000080107a0                siscanf
 .text.__sread  0x00000000080107f4       0x22 /usr/lib/gcc/arm-none-eabi/4.9.3/../../../arm-none-eabi/lib/armv7-m/libc_nano.a(lib_a-stdio.o)
                0x00000000080107f4                __sread
 .text.__seofread
                0x0000000008010816        0x4 /usr/lib/gcc/arm-none-eabi/4.9.3/../../../arm-none-eabi/lib/armv7-m/libc_nano.a(lib_a-stdio.o)
                0x0000000008010816                __seofread
 .text.__swrite
                0x000000000801081a       0x38 /usr/lib/gcc/arm-none-eabi/4.9.3/../../../arm-none-eabi/lib/armv7-m/libc_nano.a(lib_a-stdio.o)
                0x000000000801081a                __swrite
 .text.__sseek  0x0000000008010852       0x24 /usr/lib/gcc/arm-none-eabi/4.9.3/../../../arm-none-eabi/lib/armv7-m/libc_nano.a(lib_a-stdio.o)
                0x0000000008010852                __sseek
 .text.__sclose
                0x0000000008010876        0x8 /usr/lib/gcc/arm-none-eabi/4.9.3/../../../arm-none-eabi/lib/armv7-m/libc_nano.a(lib_a-stdio.o)
                0x0000000008010876                __sclose
 .text          0x000000000801087e       0x14 /usr/lib/gcc/arm-none-eabi/4.9.3/../../../arm-none-eabi/lib/armv7-m/libc_nano.a(lib_a-strcmp.o)
                0x000000000801087e                strcmp
 .text.strlen   0x0000000008010892       0x10 /usr/lib/gcc/arm-none-eabi/4.9.3/../../../arm-none-eabi/lib/armv7-m/libc_nano.a(lib_a-strlen.o)
                0x0000000008010892                strlen
 .text.strncmp  0x00000000080108a2       0x32 /usr/lib/gcc/arm-none-eabi/4.9.3/../../../arm-none-eabi/lib/armv7-m/libc_nano.a(lib_a-strncmp.o)
                0x00000000080108a2                strncmp
 .text.match    0x00000000080108d4       0x26 /usr/lib/gcc/arm-none-eabi/4.9.3/../../../arm-none-eabi/lib/armv7-m/libc_nano.a(lib_a-strtod.o)
 .text.sulp     0x00000000080108fa       0x42 /usr/lib/gcc/arm-none-eabi/4.9.3/../../../arm-none-eabi/lib/armv7-m/libc_nano.a(lib_a-strtod.o)
 *fill*         0x000000000801093c        0x4 
 .text._strtod_r
                0x0000000008010940      0xc40 /usr/lib/gcc/arm-none-eabi/4.9.3/../../../arm-none-eabi/lib/armv7-m/libc_nano.a(lib_a-strtod.o)
                0x0000000008010940                _strtod_r
 .text._strtol_r
                0x0000000008011580      0x10c /usr/lib/gcc/arm-none-eabi/4.9.3/../../../arm-none-eabi/lib/armv7-m/libc_nano.a(lib_a-strtol.o)
                0x0000000008011580                _strtol_r
 .text._strtoul_r
                0x000000000801168c       0xf8 /usr/lib/gcc/arm-none-eabi/4.9.3/../../../arm-none-eabi/lib/armv7-m/libc_nano.a(lib_a-strtoul.o)
                0x000000000801168c                _strtoul_r
 .text.strtoul  0x0000000008011784       0x1c /usr/lib/gcc/arm-none-eabi/4.9.3/../../../arm-none-eabi/lib/armv7-m/libc_nano.a(lib_a-strtoul.o)
                0x0000000008011784                strtoul
 .text.__tzcalc_limits
                0x00000000080117a0      0x148 /usr/lib/gcc/arm-none-eabi/4.9.3/../../../arm-none-eabi/lib/armv7-m/libc_nano.a(lib_a-tzcalc_limits.o)
                0x00000000080117a0                __tzcalc_limits
 .text.__tz_lock
                0x00000000080118e8        0x2 /usr/lib/gcc/arm-none-eabi/4.9.3/../../../arm-none-eabi/lib/armv7-m/libc_nano.a(lib_a-tzlock.o)
                0x00000000080118e8                __tz_lock
 .text.__tz_unlock
                0x00000000080118ea        0x2 /usr/lib/gcc/arm-none-eabi/4.9.3/../../../arm-none-eabi/lib/armv7-m/libc_nano.a(lib_a-tzlock.o)
                0x00000000080118ea                __tz_unlock
 .text._tzset_unlocked
                0x00000000080118ec        0xc /usr/lib/gcc/arm-none-eabi/4.9.3/../../../arm-none-eabi/lib/armv7-m/libc_nano.a(lib_a-tzset.o)
                0x00000000080118ec                _tzset_unlocked
 .text._tzset_unlocked_r
                0x00000000080118f8      0x308 /usr/lib/gcc/arm-none-eabi/4.9.3/../../../arm-none-eabi/lib/armv7-m/libc_nano.a(lib_a-tzset_r.o)
                0x00000000080118f8                _tzset_unlocked_r
 .text.__submore
                0x0000000008011c00       0x72 /usr/lib/gcc/arm-none-eabi/4.9.3/../../../arm-none-eabi/lib/armv7-m/libc_nano.a(lib_a-ungetc.o)
                0x0000000008011c00                __submore
 *fill*         0x0000000008011c72        0x2 
 .text.__swbuf_r
                0x0000000008011c74       0xa8 /usr/lib/gcc/arm-none-eabi/4.9.3/../../../arm-none-eabi/lib/armv7-m/libc_nano.a(lib_a-wbuf.o)
                0x0000000008011c74                __swbuf_r
 .text._write_r
                0x0000000008011d1c       0x24 /usr/lib/gcc/arm-none-eabi/4.9.3/../../../arm-none-eabi/lib/armv7-m/libc_nano.a(lib_a-writer.o)
                0x0000000008011d1c                _write_r
 .text.__swsetup_r
                0x0000000008011d40       0xd8 /usr/lib/gcc/arm-none-eabi/4.9.3/../../../arm-none-eabi/lib/armv7-m/libc_nano.a(lib_a-wsetup.o)
                0x0000000008011d40                __swsetup_r
 .text.__register_exitproc
                0x0000000008011e18       0xb8 /usr/lib/gcc/arm-none-eabi/4.9.3/../../../arm-none-eabi/lib/armv7-m/libc_nano.a(lib_a-__atexit.o)
                0x0000000008011e18                __register_exitproc
 .text.__call_exitprocs
                0x0000000008011ed0       0xd4 /usr/lib/gcc/arm-none-eabi/4.9.3/../../../arm-none-eabi/lib/armv7-m/libc_nano.a(lib_a-__call_atexit.o)
                0x0000000008011ed0                __call_exitprocs
 .text._close_r
                0x0000000008011fa4       0x20 /usr/lib/gcc/arm-none-eabi/4.9.3/../../../arm-none-eabi/lib/armv7-m/libc_nano.a(lib_a-closer.o)
                0x0000000008011fa4                _close_r
 .text.div      0x0000000008011fc4       0x28 /usr/lib/gcc/arm-none-eabi/4.9.3/../../../arm-none-eabi/lib/armv7-m/libc_nano.a(lib_a-div.o)
                0x0000000008011fc4                div
 .text.quorem   0x0000000008011fec      0x114 /usr/lib/gcc/arm-none-eabi/4.9.3/../../../arm-none-eabi/lib/armv7-m/libc_nano.a(lib_a-dtoa.o)
 .text._dtoa_r  0x0000000008012100      0xb78 /usr/lib/gcc/arm-none-eabi/4.9.3/../../../arm-none-eabi/lib/armv7-m/libc_nano.a(lib_a-dtoa.o)
                0x0000000008012100                _dtoa_r
 .text.__sflags
                0x0000000008012c78       0x6e /usr/lib/gcc/arm-none-eabi/4.9.3/../../../arm-none-eabi/lib/armv7-m/libc_nano.a(lib_a-flags.o)
                0x0000000008012c78                __sflags
 *fill*         0x0000000008012ce6        0x2 
 .text._fstat_r
                0x0000000008012ce8       0x24 /usr/lib/gcc/arm-none-eabi/4.9.3/../../../arm-none-eabi/lib/armv7-m/libc_nano.a(lib_a-fstatr.o)
                0x0000000008012ce8                _fstat_r
 .text.rshift   0x0000000008012d0c       0x6c /usr/lib/gcc/arm-none-eabi/4.9.3/../../../arm-none-eabi/lib/armv7-m/libc_nano.a(lib_a-gdtoa-gethex.o)
 .text.__hexdig_fun
                0x0000000008012d78       0x2a /usr/lib/gcc/arm-none-eabi/4.9.3/../../../arm-none-eabi/lib/armv7-m/libc_nano.a(lib_a-gdtoa-gethex.o)
                0x0000000008012d78                __hexdig_fun
 .text.__gethex
                0x0000000008012da2      0x44a /usr/lib/gcc/arm-none-eabi/4.9.3/../../../arm-none-eabi/lib/armv7-m/libc_nano.a(lib_a-gdtoa-gethex.o)
                0x0000000008012da2                __gethex
 .text.L_shift  0x00000000080131ec       0x24 /usr/lib/gcc/arm-none-eabi/4.9.3/../../../arm-none-eabi/lib/armv7-m/libc_nano.a(lib_a-gdtoa-hexnan.o)
 .text.__hexnan
                0x0000000008013210      0x114 /usr/lib/gcc/arm-none-eabi/4.9.3/../../../arm-none-eabi/lib/armv7-m/libc_nano.a(lib_a-gdtoa-hexnan.o)
                0x0000000008013210                __hexnan
 .text._findenv_r
                0x0000000008013324       0x78 /usr/lib/gcc/arm-none-eabi/4.9.3/../../../arm-none-eabi/lib/armv7-m/libc_nano.a(lib_a-getenv_r.o)
                0x0000000008013324                _findenv_r
 .text._getenv_r
                0x000000000801339c        0xe /usr/lib/gcc/arm-none-eabi/4.9.3/../../../arm-none-eabi/lib/armv7-m/libc_nano.a(lib_a-getenv_r.o)
                0x000000000801339c                _getenv_r
 *fill*         0x00000000080133aa        0x2 
 .text.__gettzinfo
                0x00000000080133ac        0x8 /usr/lib/gcc/arm-none-eabi/4.9.3/../../../arm-none-eabi/lib/armv7-m/libc_nano.a(lib_a-gettzinfo.o)
                0x00000000080133ac                __gettzinfo
 .text.gmtime_r
                0x00000000080133b4      0x124 /usr/lib/gcc/arm-none-eabi/4.9.3/../../../arm-none-eabi/lib/armv7-m/libc_nano.a(lib_a-gmtime_r.o)
                0x00000000080133b4                gmtime_r
 .text._isatty_r
                0x00000000080134d8       0x20 /usr/lib/gcc/arm-none-eabi/4.9.3/../../../arm-none-eabi/lib/armv7-m/libc_nano.a(lib_a-isattyr.o)
                0x00000000080134d8                _isatty_r
 .text._localeconv_r
                0x00000000080134f8        0x8 /usr/lib/gcc/arm-none-eabi/4.9.3/../../../arm-none-eabi/lib/armv7-m/libc_nano.a(lib_a-locale.o)
                0x00000000080134f8                _localeconv_r
 .text._lseek_r
                0x0000000008013500       0x24 /usr/lib/gcc/arm-none-eabi/4.9.3/../../../arm-none-eabi/lib/armv7-m/libc_nano.a(lib_a-lseekr.o)
                0x0000000008013500                _lseek_r
 .text._Balloc  0x0000000008013524       0x6a /usr/lib/gcc/arm-none-eabi/4.9.3/../../../arm-none-eabi/lib/armv7-m/libc_nano.a(lib_a-mprec.o)
                0x0000000008013524                _Balloc
 .text._Bfree   0x000000000801358e       0x2e /usr/lib/gcc/arm-none-eabi/4.9.3/../../../arm-none-eabi/lib/armv7-m/libc_nano.a(lib_a-mprec.o)
                0x000000000801358e                _Bfree
 .text.__multadd
                0x00000000080135bc       0x7c /usr/lib/gcc/arm-none-eabi/4.9.3/../../../arm-none-eabi/lib/armv7-m/libc_nano.a(lib_a-mprec.o)
                0x00000000080135bc                __multadd
 .text.__s2b    0x0000000008013638       0x80 /usr/lib/gcc/arm-none-eabi/4.9.3/../../../arm-none-eabi/lib/armv7-m/libc_nano.a(lib_a-mprec.o)
                0x0000000008013638                __s2b
 .text.__hi0bits
                0x00000000080136b8       0x40 /usr/lib/gcc/arm-none-eabi/4.9.3/../../../arm-none-eabi/lib/armv7-m/libc_nano.a(lib_a-mprec.o)
                0x00000000080136b8                __hi0bits
 .text.__lo0bits
                0x00000000080136f8       0x5a /usr/lib/gcc/arm-none-eabi/4.9.3/../../../arm-none-eabi/lib/armv7-m/libc_nano.a(lib_a-mprec.o)
                0x00000000080136f8                __lo0bits
 .text.__i2b    0x0000000008013752       0x12 /usr/lib/gcc/arm-none-eabi/4.9.3/../../../arm-none-eabi/lib/armv7-m/libc_nano.a(lib_a-mprec.o)
                0x0000000008013752                __i2b
 .text.__multiply
                0x0000000008013764      0x120 /usr/lib/gcc/arm-none-eabi/4.9.3/../../../arm-none-eabi/lib/armv7-m/libc_nano.a(lib_a-mprec.o)
                0x0000000008013764                __multiply
 .text.__pow5mult
                0x0000000008013884       0x9c /usr/lib/gcc/arm-none-eabi/4.9.3/../../../arm-none-eabi/lib/armv7-m/libc_nano.a(lib_a-mprec.o)
                0x0000000008013884                __pow5mult
 .text.__lshift
                0x0000000008013920       0xa6 /usr/lib/gcc/arm-none-eabi/4.9.3/../../../arm-none-eabi/lib/armv7-m/libc_nano.a(lib_a-mprec.o)
                0x0000000008013920                __lshift
 .text.__mcmp   0x00000000080139c6       0x38 /usr/lib/gcc/arm-none-eabi/4.9.3/../../../arm-none-eabi/lib/armv7-m/libc_nano.a(lib_a-mprec.o)
                0x00000000080139c6                __mcmp
 .text.__mdiff  0x00000000080139fe       0xbe /usr/lib/gcc/arm-none-eabi/4.9.3/../../../arm-none-eabi/lib/armv7-m/libc_nano.a(lib_a-mprec.o)
                0x00000000080139fe                __mdiff
 .text.__ulp    0x0000000008013abc       0x48 /usr/lib/gcc/arm-none-eabi/4.9.3/../../../arm-none-eabi/lib/armv7-m/libc_nano.a(lib_a-mprec.o)
                0x0000000008013abc                __ulp
 .text.__b2d    0x0000000008013b04       0x9e /usr/lib/gcc/arm-none-eabi/4.9.3/../../../arm-none-eabi/lib/armv7-m/libc_nano.a(lib_a-mprec.o)
                0x0000000008013b04                __b2d
 .text.__d2b    0x0000000008013ba2       0xa4 /usr/lib/gcc/arm-none-eabi/4.9.3/../../../arm-none-eabi/lib/armv7-m/libc_nano.a(lib_a-mprec.o)
                0x0000000008013ba2                __d2b
 .text.__ratio  0x0000000008013c46       0x50 /usr/lib/gcc/arm-none-eabi/4.9.3/../../../arm-none-eabi/lib/armv7-m/libc_nano.a(lib_a-mprec.o)
                0x0000000008013c46                __ratio
 .text.__copybits
                0x0000000008013c96       0x34 /usr/lib/gcc/arm-none-eabi/4.9.3/../../../arm-none-eabi/lib/armv7-m/libc_nano.a(lib_a-mprec.o)
                0x0000000008013c96                __copybits
 .text.__any_on
                0x0000000008013cca       0x44 /usr/lib/gcc/arm-none-eabi/4.9.3/../../../arm-none-eabi/lib/armv7-m/libc_nano.a(lib_a-mprec.o)
                0x0000000008013cca                __any_on
 .text._calloc_r
                0x0000000008013d0e       0x1c /usr/lib/gcc/arm-none-eabi/4.9.3/../../../arm-none-eabi/lib/armv7-m/libc_nano.a(lib_a-nano-callocr.o)
                0x0000000008013d0e                _calloc_r
 .text._realloc_r
                0x0000000008013d2a       0x4c /usr/lib/gcc/arm-none-eabi/4.9.3/../../../arm-none-eabi/lib/armv7-m/libc_nano.a(lib_a-nano-reallocr.o)
                0x0000000008013d2a                _realloc_r
 .text.__ssputs_r
                0x0000000008013d76       0xb2 /usr/lib/gcc/arm-none-eabi/4.9.3/../../../arm-none-eabi/lib/armv7-m/libc_nano.a(lib_a-nano-svfprintf.o)
                0x0000000008013d76                __ssputs_r
 .text._svfprintf_r
                0x0000000008013e28      0x1e4 /usr/lib/gcc/arm-none-eabi/4.9.3/../../../arm-none-eabi/lib/armv7-m/libc_nano.a(lib_a-nano-svfprintf.o)
                0x0000000008013e28                _svfprintf_r
                0x0000000008013e28                _svfiprintf_r
 .text._sungetc_r
                0x000000000801400c       0x7a /usr/lib/gcc/arm-none-eabi/4.9.3/../../../arm-none-eabi/lib/armv7-m/libc_nano.a(lib_a-nano-svfscanf.o)
                0x000000000801400c                _sungetc_r
 .text.__ssrefill_r
                0x0000000008014086       0x3a /usr/lib/gcc/arm-none-eabi/4.9.3/../../../arm-none-eabi/lib/armv7-m/libc_nano.a(lib_a-nano-svfscanf.o)
                0x0000000008014086                __ssrefill_r
 .text.__ssvfscanf_r
                0x00000000080140c0      0x29c /usr/lib/gcc/arm-none-eabi/4.9.3/../../../arm-none-eabi/lib/armv7-m/libc_nano.a(lib_a-nano-svfscanf.o)
                0x00000000080140c0                __ssvfscanf_r
                0x00000000080140c0                __ssvfiscanf_r
 .text._read_r  0x000000000801435c       0x24 /usr/lib/gcc/arm-none-eabi/4.9.3/../../../arm-none-eabi/lib/armv7-m/libc_nano.a(lib_a-readr.o)
                0x000000000801435c                _read_r
 .text.strcpy   0x0000000008014380       0x10 /usr/lib/gcc/arm-none-eabi/4.9.3/../../../arm-none-eabi/lib/armv7-m/libc_nano.a(lib_a-strcpy.o)
                0x0000000008014380                strcpy
 .text.__env_lock
                0x0000000008014390        0x2 /usr/lib/gcc/arm-none-eabi/4.9.3/../../../arm-none-eabi/lib/armv7-m/libc_nano.a(lib_a-envlock.o)
                0x0000000008014390                __env_lock
 .text.__env_unlock
                0x0000000008014392        0x2 /usr/lib/gcc/arm-none-eabi/4.9.3/../../../arm-none-eabi/lib/armv7-m/libc_nano.a(lib_a-envlock.o)
                0x0000000008014392                __env_unlock
 .text._malloc_usable_size_r
                0x0000000008014394       0x14 /usr/lib/gcc/arm-none-eabi/4.9.3/../../../arm-none-eabi/lib/armv7-m/libc_nano.a(lib_a-nano-msizer.o)
                0x0000000008014394                _malloc_usable_size_r
 .text          0x00000000080143a8      0x370 /usr/lib/gcc/arm-none-eabi/4.9.3/armv7-m/libgcc.a(_arm_addsubdf3.o)
                0x00000000080143a8                __aeabi_drsub
                0x00000000080143b0                __aeabi_dsub
                0x00000000080143b0                __subdf3
                0x00000000080143b4                __adddf3
                0x00000000080143b4                __aeabi_dadd
                0x000000000801462c                __aeabi_ui2d
                0x000000000801462c                __floatunsidf
                0x000000000801464c                __floatsidf
                0x000000000801464c                __aeabi_i2d
                0x0000000008014670                __extendsfdf2
                0x0000000008014670                __aeabi_f2d
                0x00000000080146ac                __aeabi_ul2d
                0x00000000080146ac                __floatundidf
                0x00000000080146bc                __floatdidf
                0x00000000080146bc                __aeabi_l2d
 .text          0x0000000008014718      0x424 /usr/lib/gcc/arm-none-eabi/4.9.3/armv7-m/libgcc.a(_arm_muldivdf3.o)
                0x0000000008014718                __aeabi_dmul
                0x0000000008014718                __muldf3
                0x000000000801496c                __aeabi_ddiv
                0x000000000801496c                __divdf3
 .text          0x0000000008014b3c      0x110 /usr/lib/gcc/arm-none-eabi/4.9.3/armv7-m/libgcc.a(_arm_cmpdf2.o)
                0x0000000008014b3c                __gtdf2
                0x0000000008014b3c                __gedf2
                0x0000000008014b44                __ltdf2
                0x0000000008014b44                __ledf2
                0x0000000008014b4c                __cmpdf2
                0x0000000008014b4c                __eqdf2
                0x0000000008014b4c                __nedf2
                0x0000000008014bc8                __aeabi_cdrcmple
                0x0000000008014bd8                __aeabi_cdcmple
                0x0000000008014bd8                __aeabi_cdcmpeq
                0x0000000008014be8                __aeabi_dcmpeq
                0x0000000008014bfc                __aeabi_dcmplt
                0x0000000008014c10                __aeabi_dcmple
                0x0000000008014c24                __aeabi_dcmpge
                0x0000000008014c38                __aeabi_dcmpgt
 .text          0x0000000008014c4c       0x50 /usr/lib/gcc/arm-none-eabi/4.9.3/armv7-m/libgcc.a(_arm_fixdfsi.o)
                0x0000000008014c4c                __fixdfsi
                0x0000000008014c4c                __aeabi_d2iz
 .text          0x0000000008014c9c       0x40 /usr/lib/gcc/arm-none-eabi/4.9.3/armv7-m/libgcc.a(_arm_fixunsdfsi.o)
                0x0000000008014c9c                __fixunsdfsi
                0x0000000008014c9c                __aeabi_d2uiz
 .text          0x0000000008014cdc       0xa0 /usr/lib/gcc/arm-none-eabi/4.9.3/armv7-m/libgcc.a(_arm_truncdfsf2.o)
                0x0000000008014cdc                __aeabi_d2f
                0x0000000008014cdc                __truncdfsf2
 *(.init)
 .init          0x0000000008014d7c        0x4 /usr/lib/gcc/arm-none-eabi/4.9.3/armv7-m/crti.o
                0x0000000008014d7c                _init
 .init          0x0000000008014d80        0x8 /usr/lib/gcc/arm-none-eabi/4.9.3/armv7-m/crtn.o
 *(.fini)
 .fini          0x0000000008014d88        0x4 /usr/lib/gcc/arm-none-eabi/4.9.3/armv7-m/crti.o
                0x0000000008014d88                _fini
 .fini          0x0000000008014d8c        0x8 /usr/lib/gcc/arm-none-eabi/4.9.3/armv7-m/crtn.o
 *crtbegin.o(.ctors)
 *crtbegin?.o(.ctors)
 *(EXCLUDE_FILE(*crtend.o *crtend?.o) .ctors)
 *(SORT(.ctors.*))
 *(.ctors)
 *crtbegin.o(.dtors)
 *crtbegin?.o(.dtors)
 *(EXCLUDE_FILE(*crtend.o *crtend?.o) .dtors)
 *(SORT(.dtors.*))
 *(.dtors)
 *(.rodata*)
 .rodata.KW_version
                0x0000000008014d94        0x8 expatlib/xmltok.o
 .rodata.KW_yes
                0x0000000008014d9c        0x4 expatlib/xmltok.o
 .rodata.namePages
                0x0000000008014da0      0x100 expatlib/xmltok.o
 .rodata.KW_UTF_16LE
                0x0000000008014ea0        0x9 expatlib/xmltok.o
 .rodata.KW_UTF_16BE
                0x0000000008014ea9        0x9 expatlib/xmltok.o
 .rodata.CDATA_LSQB.6296
                0x0000000008014eb2        0x6 expatlib/xmltok.o
 .rodata.KW_ISO_8859_1
                0x0000000008014eb8        0xb expatlib/xmltok.o
 *fill*         0x0000000008014ec3        0x1 
 .rodata.encodingNames.7222
                0x0000000008014ec4       0x18 expatlib/xmltok.o
 .rodata.KW_no  0x0000000008014edc        0x3 expatlib/xmltok.o
 *fill*         0x0000000008014edf        0x1 
 .rodata.latin1_encoding
                0x0000000008014ee0      0x16c expatlib/xmltok.o
 .rodata.KW_UTF_16
                0x000000000801504c        0x7 expatlib/xmltok.o
 .rodata.CDATA_LSQB.5449
                0x0000000008015053        0x6 expatlib/xmltok.o